Archive member included to satisfy reference by file (symbol)

/home/ross/Ac6/SystemWorkbench/plugins/fr.ac6.mcu.externaltools.arm-none.linux64_1.15.0.201708311556/tools/compiler/bin/../lib/gcc/arm-none-eabi/6.3.1/../../../../arm-none-eabi/lib/thumb/v6-m/libm.a(lib_a-s_ceil.o)
                              Drivers/BSP/Components/sx1276.o (ceil)
/home/ross/Ac6/SystemWorkbench/plugins/fr.ac6.mcu.externaltools.arm-none.linux64_1.15.0.201708311556/tools/compiler/bin/../lib/gcc/arm-none-eabi/6.3.1/../../../../arm-none-eabi/lib/thumb/v6-m/libm.a(lib_a-s_floor.o)
                              Drivers/BSP/Components/sx1276.o (floor)
/home/ross/Ac6/SystemWorkbench/plugins/fr.ac6.mcu.externaltools.arm-none.linux64_1.15.0.201708311556/tools/compiler/bin/../lib/gcc/arm-none-eabi/6.3.1/../../../../arm-none-eabi/lib/thumb/v6-m/libm.a(lib_a-s_round.o)
                              Drivers/BSP/Components/sx1276.o (round)
/home/ross/Ac6/SystemWorkbench/plugins/fr.ac6.mcu.externaltools.arm-none.linux64_1.15.0.201708311556/tools/compiler/bin/../lib/gcc/arm-none-eabi/6.3.1/thumb/v6-m/libgcc.a(_thumb1_case_uqi.o)
                              Drivers/BSP/B_L072Z_LRWAN1/b-l072z-lrwan1.o (__gnu_thumb1_case_uqi)
/home/ross/Ac6/SystemWorkbench/plugins/fr.ac6.mcu.externaltools.arm-none.linux64_1.15.0.201708311556/tools/compiler/bin/../lib/gcc/arm-none-eabi/6.3.1/thumb/v6-m/libgcc.a(_udivsi3.o)
                              Drivers/BSP/Components/sx1276.o (__aeabi_uidiv)
/home/ross/Ac6/SystemWorkbench/plugins/fr.ac6.mcu.externaltools.arm-none.linux64_1.15.0.201708311556/tools/compiler/bin/../lib/gcc/arm-none-eabi/6.3.1/thumb/v6-m/libgcc.a(_divsi3.o)
                              Middlewares/Lora/Utilities/utilities.o (__aeabi_idivmod)
/home/ross/Ac6/SystemWorkbench/plugins/fr.ac6.mcu.externaltools.arm-none.linux64_1.15.0.201708311556/tools/compiler/bin/../lib/gcc/arm-none-eabi/6.3.1/thumb/v6-m/libgcc.a(_dvmd_tls.o)
                              /home/ross/Ac6/SystemWorkbench/plugins/fr.ac6.mcu.externaltools.arm-none.linux64_1.15.0.201708311556/tools/compiler/bin/../lib/gcc/arm-none-eabi/6.3.1/thumb/v6-m/libgcc.a(_udivsi3.o) (__aeabi_idiv0)
/home/ross/Ac6/SystemWorkbench/plugins/fr.ac6.mcu.externaltools.arm-none.linux64_1.15.0.201708311556/tools/compiler/bin/../lib/gcc/arm-none-eabi/6.3.1/thumb/v6-m/libgcc.a(_arm_cmpdf2.o)
                              Drivers/BSP/Components/sx1276.o (__aeabi_dcmpgt)
/home/ross/Ac6/SystemWorkbench/plugins/fr.ac6.mcu.externaltools.arm-none.linux64_1.15.0.201708311556/tools/compiler/bin/../lib/gcc/arm-none-eabi/6.3.1/thumb/v6-m/libgcc.a(_aeabi_uldivmod.o)
                              Drivers/STM32L0xx_HAL_Driver/stm32l0xx_hal_uart.o (__aeabi_uldivmod)
/home/ross/Ac6/SystemWorkbench/plugins/fr.ac6.mcu.externaltools.arm-none.linux64_1.15.0.201708311556/tools/compiler/bin/../lib/gcc/arm-none-eabi/6.3.1/thumb/v6-m/libgcc.a(_muldi3.o)
                              Projects/PingPong/hw_rtc.o (__aeabi_lmul)
/home/ross/Ac6/SystemWorkbench/plugins/fr.ac6.mcu.externaltools.arm-none.linux64_1.15.0.201708311556/tools/compiler/bin/../lib/gcc/arm-none-eabi/6.3.1/thumb/v6-m/libgcc.a(_fixunssfsi.o)
                              Middlewares/Lora/Utilities/delay.o (__aeabi_f2uiz)
/home/ross/Ac6/SystemWorkbench/plugins/fr.ac6.mcu.externaltools.arm-none.linux64_1.15.0.201708311556/tools/compiler/bin/../lib/gcc/arm-none-eabi/6.3.1/thumb/v6-m/libgcc.a(_fixunsdfsi.o)
                              Drivers/BSP/Components/sx1276.o (__aeabi_d2uiz)
/home/ross/Ac6/SystemWorkbench/plugins/fr.ac6.mcu.externaltools.arm-none.linux64_1.15.0.201708311556/tools/compiler/bin/../lib/gcc/arm-none-eabi/6.3.1/thumb/v6-m/libgcc.a(_udivmoddi4.o)
                              /home/ross/Ac6/SystemWorkbench/plugins/fr.ac6.mcu.externaltools.arm-none.linux64_1.15.0.201708311556/tools/compiler/bin/../lib/gcc/arm-none-eabi/6.3.1/thumb/v6-m/libgcc.a(_aeabi_uldivmod.o) (__udivmoddi4)
/home/ross/Ac6/SystemWorkbench/plugins/fr.ac6.mcu.externaltools.arm-none.linux64_1.15.0.201708311556/tools/compiler/bin/../lib/gcc/arm-none-eabi/6.3.1/thumb/v6-m/libgcc.a(mulsf3.o)
                              Middlewares/Lora/Utilities/delay.o (__aeabi_fmul)
/home/ross/Ac6/SystemWorkbench/plugins/fr.ac6.mcu.externaltools.arm-none.linux64_1.15.0.201708311556/tools/compiler/bin/../lib/gcc/arm-none-eabi/6.3.1/thumb/v6-m/libgcc.a(subsf3.o)
                              /home/ross/Ac6/SystemWorkbench/plugins/fr.ac6.mcu.externaltools.arm-none.linux64_1.15.0.201708311556/tools/compiler/bin/../lib/gcc/arm-none-eabi/6.3.1/thumb/v6-m/libgcc.a(_fixunssfsi.o) (__aeabi_fsub)
/home/ross/Ac6/SystemWorkbench/plugins/fr.ac6.mcu.externaltools.arm-none.linux64_1.15.0.201708311556/tools/compiler/bin/../lib/gcc/arm-none-eabi/6.3.1/thumb/v6-m/libgcc.a(fixsfsi.o)
                              /home/ross/Ac6/SystemWorkbench/plugins/fr.ac6.mcu.externaltools.arm-none.linux64_1.15.0.201708311556/tools/compiler/bin/../lib/gcc/arm-none-eabi/6.3.1/thumb/v6-m/libgcc.a(_fixunssfsi.o) (__aeabi_f2iz)
[...]
Memory Configuration

Name             Origin             Length             Attributes
RAM              0x0000000020000000 0x0000000000005000 xrw
FLASH            0x0000000008000000 0x0000000000030000 xr
*default*        0x0000000000000000 0xffffffffffffffff

Linker script and memory map

LOAD /home/ross/Ac6/SystemWorkbench/plugins/fr.ac6.mcu.externaltools.arm-none.linux64_1.15.0.201708311556/tools/compiler/bin/../lib/gcc/arm-none-eabi/6.3.1/thumb/v6-m/crti.o
LOAD /home/ross/Ac6/SystemWorkbench/plugins/fr.ac6.mcu.externaltools.arm-none.linux64_1.15.0.201708311556/tools/compiler/bin/../lib/gcc/arm-none-eabi/6.3.1/thumb/v6-m/crtbegin.o
LOAD /home/ross/Ac6/SystemWorkbench/plugins/fr.ac6.mcu.externaltools.arm-none.linux64_1.15.0.201708311556/tools/compiler/bin/../lib/gcc/arm-none-eabi/6.3.1/../../../../arm-none-eabi/lib/thumb/v6-m/crt0.o
LOAD Drivers/BSP/B_L072Z_LRWAN1/b-l072z-lrwan1.o
LOAD Drivers/BSP/Components/sx1276.o
LOAD Drivers/BSP/MLM32L07X01/mlm32l07x01.o
LOAD Drivers/CMSIS/system_stm32l0xx.o
LOAD Drivers/STM32L0xx_HAL_Driver/stm32l0xx_hal.o
LOAD Drivers/STM32L0xx_HAL_Driver/stm32l0xx_hal_adc.o
LOAD Drivers/STM32L0xx_HAL_Driver/stm32l0xx_hal_adc_ex.o
LOAD Drivers/STM32L0xx_HAL_Driver/stm32l0xx_hal_cortex.o
LOAD Drivers/STM32L0xx_HAL_Driver/stm32l0xx_hal_dma.o
LOAD Drivers/STM32L0xx_HAL_Driver/stm32l0xx_hal_gpio.o
LOAD Drivers/STM32L0xx_HAL_Driver/stm32l0xx_hal_i2c.o
LOAD Drivers/STM32L0xx_HAL_Driver/stm32l0xx_hal_pwr.o
LOAD Drivers/STM32L0xx_HAL_Driver/stm32l0xx_hal_pwr_ex.o
LOAD Drivers/STM32L0xx_HAL_Driver/stm32l0xx_hal_rcc.o
LOAD Drivers/STM32L0xx_HAL_Driver/stm32l0xx_hal_rcc_ex.o
LOAD Drivers/STM32L0xx_HAL_Driver/stm32l0xx_hal_rtc.o
LOAD Drivers/STM32L0xx_HAL_Driver/stm32l0xx_hal_rtc_ex.o
LOAD Drivers/STM32L0xx_HAL_Driver/stm32l0xx_hal_spi.o
LOAD Drivers/STM32L0xx_HAL_Driver/stm32l0xx_hal_tim.o
LOAD Drivers/STM32L0xx_HAL_Driver/stm32l0xx_hal_tim_ex.o
LOAD Drivers/STM32L0xx_HAL_Driver/stm32l0xx_hal_uart.o
LOAD Drivers/STM32L0xx_HAL_Driver/stm32l0xx_hal_uart_ex.o
LOAD Middlewares/Lora/Utilities/delay.o
LOAD Middlewares/Lora/Utilities/low_power_manager.o
LOAD Middlewares/Lora/Utilities/timeServer.o
LOAD Middlewares/Lora/Utilities/utilities.o
LOAD Projects/PingPong/debug.o
LOAD Projects/PingPong/hw_gpio.o
LOAD Projects/PingPong/hw_rtc.o
LOAD Projects/PingPong/hw_spi.o
LOAD Projects/PingPong/main.o
LOAD Projects/PingPong/mlm32l0xx_hal_msp.o
LOAD Projects/PingPong/mlm32l0xx_hw.o
LOAD Projects/PingPong/mlm32l0xx_it.o
LOAD Projects/PingPong/vcom.o
LOAD Projects/SW4STM32/startup_stm32l072xx.o
LOAD /home/ross/Ac6/SystemWorkbench/plugins/fr.ac6.mcu.externaltools.arm-none.linux64_1.15.0.201708311556/tools/compiler/bin/../lib/gcc/arm-none-eabi/6.3.1/../../../../arm-none-eabi/lib/thumb/v6-m/libm.a
START GROUP
LOAD /home/ross/Ac6/SystemWorkbench/plugins/fr.ac6.mcu.externaltools.arm-none.linux64_1.15.0.201708311556/tools/compiler/bin/../lib/gcc/arm-none-eabi/6.3.1/thumb/v6-m/libgcc.a
LOAD /home/ross/Ac6/SystemWorkbench/plugins/fr.ac6.mcu.externaltools.arm-none.linux64_1.15.0.201708311556/tools/compiler/bin/../lib/gcc/arm-none-eabi/6.3.1/../../../../arm-none-eabi/lib/thumb/v6-m/libc_nano.a
END GROUP
START GROUP
LOAD /home/ross/Ac6/SystemWorkbench/plugins/fr.ac6.mcu.externaltools.arm-none.linux64_1.15.0.201708311556/tools/compiler/bin/../lib/gcc/arm-none-eabi/6.3.1/thumb/v6-m/libgcc.a
LOAD /home/ross/Ac6/SystemWorkbench/plugins/fr.ac6.mcu.externaltools.arm-none.linux64_1.15.0.201708311556/tools/compiler/bin/../lib/gcc/arm-none-eabi/6.3.1/../../../../arm-none-eabi/lib/thumb/v6-m/libc_nano.a
LOAD /home/ross/Ac6/SystemWorkbench/plugins/fr.ac6.mcu.externaltools.arm-none.linux64_1.15.0.201708311556/tools/compiler/bin/../lib/gcc/arm-none-eabi/6.3.1/../../../../arm-none-eabi/lib/thumb/v6-m/libnosys.a
END GROUP
START GROUP
LOAD /home/ross/Ac6/SystemWorkbench/plugins/fr.ac6.mcu.externaltools.arm-none.linux64_1.15.0.201708311556/tools/compiler/bin/../lib/gcc/arm-none-eabi/6.3.1/thumb/v6-m/libgcc.a
LOAD /home/ross/Ac6/SystemWorkbench/plugins/fr.ac6.mcu.externaltools.arm-none.linux64_1.15.0.201708311556/tools/compiler/bin/../lib/gcc/arm-none-eabi/6.3.1/../../../../arm-none-eabi/lib/thumb/v6-m/libc_nano.a
LOAD /home/ross/Ac6/SystemWorkbench/plugins/fr.ac6.mcu.externaltools.arm-none.linux64_1.15.0.201708311556/tools/compiler/bin/../lib/gcc/arm-none-eabi/6.3.1/../../../../arm-none-eabi/lib/thumb/v6-m/libnosys.a
END GROUP
LOAD /home/ross/Ac6/SystemWorkbench/plugins/fr.ac6.mcu.externaltools.arm-none.linux64_1.15.0.201708311556/tools/compiler/bin/../lib/gcc/arm-none-eabi/6.3.1/thumb/v6-m/crtend.o
LOAD /home/ross/Ac6/SystemWorkbench/plugins/fr.ac6.mcu.externaltools.arm-none.linux64_1.15.0.201708311556/tools/compiler/bin/../lib/gcc/arm-none-eabi/6.3.1/thumb/v6-m/crtn.o
                0x0000000020005000                _estack = 0x20005000
                0x0000000000000200                _Min_Heap_Size = 0x200
                0x0000000000000400                _Min_Stack_Size = 0x400

.isr_vector     0x0000000008000000       0xc0
                0x0000000008000000                . = ALIGN (0x4)
 *(.isr_vector)
 .isr_vector    0x0000000008000000       0xc0 Projects/SW4STM32/startup_stm32l072xx.o
                0x0000000008000000                g_pfnVectors
                0x00000000080000c0                . = ALIGN (0x4)

.text           0x00000000080000c0     0x7a18
                0x00000000080000c0                . = ALIGN (0x4)
 *(.text)
 .text          0x00000000080000c0       0x60 /home/ross/Ac6/SystemWorkbench/plugins/fr.ac6.mcu.externaltools.arm-none.linux64_1.15.0.201708311556/tools/compiler/bin/../lib/gcc/arm-none-eabi/6.3.1/thumb/v6-m/crtbegin.o
 .text          0x0000000008000120       0x14 /home/ross/Ac6/SystemWorkbench/plugins/fr.ac6.mcu.externaltools.arm-none.linux64_1.15.0.201708311556/tools/compiler/bin/../lib/gcc/arm-none-eabi/6.3.1/thumb/v6-m/libgcc.a(_thumb1_case_uqi.o)
                0x0000000008000120                __gnu_thumb1_case_uqi
 .text          0x0000000008000134      0x114 /home/ross/Ac6/SystemWorkbench/plugins/fr.ac6.mcu.externaltools.arm-none.linux64_1.15.0.201708311556/tools/compiler/bin/../lib/gcc/arm-none-eabi/6.3.1/thumb/v6-m/libgcc.a(_udivsi3.o)
                0x0000000008000134                __udivsi3
                0x0000000008000134                __aeabi_uidiv
                0x0000000008000240                __aeabi_uidivmod
 .text          0x0000000008000248      0x1d4 /home/ross/Ac6/SystemWorkbench/plugins/fr.ac6.mcu.externaltools.arm-none.linux64_1.15.0.201708311556/tools/compiler/bin/../lib/gcc/arm-none-eabi/6.3.1/thumb/v6-m/libgcc.a(_divsi3.o)
                0x0000000008000248                __aeabi_idiv
                0x0000000008000248                __divsi3
                0x0000000008000414                __aeabi_idivmod
 .text          0x000000000800041c        0x4 /home/ross/Ac6/SystemWorkbench/plugins/fr.ac6.mcu.externaltools.arm-none.linux64_1.15.0.201708311556/tools/compiler/bin/../lib/gcc/arm-none-eabi/6.3.1/thumb/v6-m/libgcc.a(_dvmd_tls.o)
                0x000000000800041c                __aeabi_ldiv0
                0x000000000800041c                __aeabi_idiv0
 .text          0x0000000008000420       0x7c /home/ross/Ac6/SystemWorkbench/plugins/fr.ac6.mcu.externaltools.arm-none.linux64_1.15.0.201708311556/tools/compiler/bin/../lib/gcc/arm-none-eabi/6.3.1/thumb/v6-m/libgcc.a(_arm_cmpdf2.o)
                0x0000000008000420                __aeabi_cdrcmple
                0x0000000008000430                __aeabi_cdcmple
                0x0000000008000430                __aeabi_cdcmpeq
                0x0000000008000440                __aeabi_dcmpeq
                0x000000000800044c                __aeabi_dcmplt
                0x0000000008000460                __aeabi_dcmple
                0x0000000008000474                __aeabi_dcmpgt
                0x0000000008000488                __aeabi_dcmpge
 .text          0x000000000800049c       0x40 /home/ross/Ac6/SystemWorkbench/plugins/fr.ac6.mcu.externaltools.arm-none.linux64_1.15.0.201708311556/tools/compiler/bin/../lib/gcc/arm-none-eabi/6.3.1/thumb/v6-m/libgcc.a(_aeabi_uldivmod.o)
                0x000000000800049c                __aeabi_uldivmod
 .text          0x00000000080004dc       0x54 /home/ross/Ac6/SystemWorkbench/plugins/fr.ac6.mcu.externaltools.arm-none.linux64_1.15.0.201708311556/tools/compiler/bin/../lib/gcc/arm-none-eabi/6.3.1/thumb/v6-m/libgcc.a(_muldi3.o)
                0x00000000080004dc                __aeabi_lmul
                0x00000000080004dc                __muldi3
 .text          0x0000000008000530       0x3c /home/ross/Ac6/SystemWorkbench/plugins/fr.ac6.mcu.externaltools.arm-none.linux64_1.15.0.201708311556/tools/compiler/bin/../lib/gcc/arm-none-eabi/6.3.1/thumb/v6-m/libgcc.a(_fixunsdfsi.o)
                0x0000000008000530                __fixunsdfsi
                0x0000000008000530                __aeabi_d2uiz
 .text          0x000000000800056c      0x180 /home/ross/Ac6/SystemWorkbench/plugins/fr.ac6.mcu.externaltools.arm-none.linux64_1.15.0.201708311556/tools/compiler/bin/../lib/gcc/arm-none-eabi/6.3.1/thumb/v6-m/libgcc.a(_udivmoddi4.o)
                0x000000000800056c                __udivmoddi4
 .text          0x00000000080006ec      0x620 /home/ross/Ac6/SystemWorkbench/plugins/fr.ac6.mcu.externaltools.arm-none.linux64_1.15.0.201708311556/tools/compiler/bin/../lib/gcc/arm-none-eabi/6.3.1/thumb/v6-m/libgcc.a(adddf3.o)
                0x00000000080006ec                __aeabi_dadd
 .text          0x0000000008000d0c      0x668 /home/ross/Ac6/SystemWorkbench/plugins/fr.ac6.mcu.externaltools.arm-none.linux64_1.15.0.201708311556/tools/compiler/bin/../lib/gcc/arm-none-eabi/6.3.1/thumb/v6-m/libgcc.a(divdf3.o)
                0x0000000008000d0c                __aeabi_ddiv
 .text          0x0000000008001374       0x74 /home/ross/Ac6/SystemWorkbench/plugins/fr.ac6.mcu.externaltools.arm-none.linux64_1.15.0.201708311556/tools/compiler/bin/../lib/gcc/arm-none-eabi/6.3.1/thumb/v6-m/libgcc.a(eqdf2.o)
                0x0000000008001374                __eqdf2
                0x0000000008001374                __nedf2
 .text          0x00000000080013e8       0xc8 /home/ross/Ac6/SystemWorkbench/plugins/fr.ac6.mcu.externaltools.arm-none.linux64_1.15.0.201708311556/tools/compiler/bin/../lib/gcc/arm-none-eabi/6.3.1/thumb/v6-m/libgcc.a(gedf2.o)
                0x00000000080013e8                __gtdf2
                0x00000000080013e8                __gedf2
 .text          0x00000000080014b0       0xc4 /home/ross/Ac6/SystemWorkbench/plugins/fr.ac6.mcu.externaltools.arm-none.linux64_1.15.0.201708311556/tools/compiler/bin/../lib/gcc/arm-none-eabi/6.3.1/thumb/v6-m/libgcc.a(ledf2.o)
                0x00000000080014b0                __ltdf2
                0x00000000080014b0                __ledf2
 .text          0x0000000008001574      0x500 /home/ross/Ac6/SystemWorkbench/plugins/fr.ac6.mcu.externaltools.arm-none.linux64_1.15.0.201708311556/tools/compiler/bin/../lib/gcc/arm-none-eabi/6.3.1/thumb/v6-m/libgcc.a(muldf3.o)
                0x0000000008001574                __aeabi_dmul
 .text          0x0000000008001a74      0x62c /home/ross/Ac6/SystemWorkbench/plugins/fr.ac6.mcu.externaltools.arm-none.linux64_1.15.0.201708311556/tools/compiler/bin/../lib/gcc/arm-none-eabi/6.3.1/thumb/v6-m/libgcc.a(subdf3.o)
                0x0000000008001a74                __aeabi_dsub
 .text          0x00000000080020a0       0x68 /home/ross/Ac6/SystemWorkbench/plugins/fr.ac6.mcu.externaltools.arm-none.linux64_1.15.0.201708311556/tools/compiler/bin/../lib/gcc/arm-none-eabi/6.3.1/thumb/v6-m/libgcc.a(fixdfsi.o)
                0x00000000080020a0                __aeabi_d2iz
 .text          0x0000000008002108       0x84 /home/ross/Ac6/SystemWorkbench/plugins/fr.ac6.mcu.externaltools.arm-none.linux64_1.15.0.201708311556/tools/compiler/bin/../lib/gcc/arm-none-eabi/6.3.1/thumb/v6-m/libgcc.a(floatsidf.o)
                0x0000000008002108                __aeabi_i2d
 .text          0x000000000800218c       0x70 /home/ross/Ac6/SystemWorkbench/plugins/fr.ac6.mcu.externaltools.arm-none.linux64_1.15.0.201708311556/tools/compiler/bin/../lib/gcc/arm-none-eabi/6.3.1/thumb/v6-m/libgcc.a(floatunsidf.o)
                0x000000000800218c                __aeabi_ui2d
 .text          0x00000000080021fc       0x3c /home/ross/Ac6/SystemWorkbench/plugins/fr.ac6.mcu.externaltools.arm-none.linux64_1.15.0.201708311556/tools/compiler/bin/../lib/gcc/arm-none-eabi/6.3.1/thumb/v6-m/libgcc.a(_clzsi2.o)
                0x00000000080021fc                __clzsi2
 .text          0x0000000008002238       0x18 /home/ross/Ac6/SystemWorkbench/plugins/fr.ac6.mcu.externaltools.arm-none.linux64_1.15.0.201708311556/tools/compiler/bin/../lib/gcc/arm-none-eabi/6.3.1/thumb/v6-m/libgcc.a(_clzdi2.o)
                0x0000000008002238                __clzdi2
 *(.text*)
 .text.BSP_LED_Init
                0x0000000008002250       0x84 Drivers/BSP/B_L072Z_LRWAN1/b-l072z-lrwan1.o
                0x0000000008002250                BSP_LED_Init
 .text.BSP_LED_Off
                0x00000000080022d4       0x20 Drivers/BSP/B_L072Z_LRWAN1/b-l072z-lrwan1.o
                0x00000000080022d4                BSP_LED_Off
 .text.BSP_LED_Toggle
                0x00000000080022f4       0x1c Drivers/BSP/B_L072Z_LRWAN1/b-l072z-lrwan1.o
                0x00000000080022f4                BSP_LED_Toggle
 .text.GetFskBandwidthRegValue
                0x0000000008002310       0x28 Drivers/BSP/Components/sx1276.o
 .text.SX1276OnDio4Irq
                0x0000000008002338       0x1c Drivers/BSP/Components/sx1276.o
                0x0000000008002338                SX1276OnDio4Irq
 .text.SX1276BoardInit
                0x0000000008002354        0xc Drivers/BSP/Components/sx1276.o
                0x0000000008002354                SX1276BoardInit
 .text.SX1276GetStatus
                0x0000000008002360        0xc Drivers/BSP/Components/sx1276.o
                0x0000000008002360                SX1276GetStatus
 .text.SX1276Reset
                0x000000000800236c       0x50 Drivers/BSP/Components/sx1276.o
                0x000000000800236c                SX1276Reset
 .text.SX1276WriteBuffer
                0x00000000080023bc       0x3e Drivers/BSP/Components/sx1276.o
                0x00000000080023bc                SX1276WriteBuffer
 .text.SX1276Write
                0x00000000080023fa       0x12 Drivers/BSP/Components/sx1276.o
                0x00000000080023fa                SX1276Write
 .text.SX1276SetChannel
                0x000000000800240c       0x54 Drivers/BSP/Components/sx1276.o
                0x000000000800240c                SX1276SetChannel
 .text.SX1276ReadBuffer
                0x0000000008002460       0x40 Drivers/BSP/Components/sx1276.o
                0x0000000008002460                SX1276ReadBuffer
 .text.SX1276Read
                0x00000000080024a0       0x12 Drivers/BSP/Components/sx1276.o
                0x00000000080024a0                SX1276Read
 *fill*         0x00000000080024b2        0x2 
 .text.RxChainCalibration
                0x00000000080024b4       0x98 Drivers/BSP/Components/sx1276.o
                0x00000000080024b4                RxChainCalibration
 .text.SX1276GetTimeOnAir
                0x000000000800254c      0x1f8 Drivers/BSP/Components/sx1276.o
                0x000000000800254c                SX1276GetTimeOnAir
 .text.SX1276ReadRssi
                0x0000000008002744       0x44 Drivers/BSP/Components/sx1276.o
                0x0000000008002744                SX1276ReadRssi
 .text.SX1276SetOpMode.part.2
                0x0000000008002788       0x34 Drivers/BSP/Components/sx1276.o
 .text.SX1276SetSleep
                0x00000000080027bc       0x28 Drivers/BSP/Components/sx1276.o
                0x00000000080027bc                SX1276SetSleep
 .text.SX1276SetOpMode
                0x00000000080027e4       0x44 Drivers/BSP/Components/sx1276.o
                0x00000000080027e4                SX1276SetOpMode
 .text.SX1276SetStby
                0x0000000008002828       0x28 Drivers/BSP/Components/sx1276.o
                0x0000000008002828                SX1276SetStby
 .text.SX1276SetRx
                0x0000000008002850      0x214 Drivers/BSP/Components/sx1276.o
                0x0000000008002850                SX1276SetRx
 .text.SX1276SetTx
                0x0000000008002a64       0xa0 Drivers/BSP/Components/sx1276.o
                0x0000000008002a64                SX1276SetTx
 .text.SX1276StartCad
                0x0000000008002b04       0x34 Drivers/BSP/Components/sx1276.o
                0x0000000008002b04                SX1276StartCad
 .text.SX1276SetModem
                0x0000000008002b38       0x74 Drivers/BSP/Components/sx1276.o
                0x0000000008002b38                SX1276SetModem
 .text.SX1276Init
                0x0000000008002bac       0x98 Drivers/BSP/Components/sx1276.o
                0x0000000008002bac                SX1276Init
 .text.SX1276IsChannelFree
                0x0000000008002c44       0x48 Drivers/BSP/Components/sx1276.o
                0x0000000008002c44                SX1276IsChannelFree
 .text.SX1276Random
                0x0000000008002c8c       0x3c Drivers/BSP/Components/sx1276.o
                0x0000000008002c8c                SX1276Random
 .text.SX1276SetRxConfig
                0x0000000008002cc8      0x340 Drivers/BSP/Components/sx1276.o
                0x0000000008002cc8                SX1276SetRxConfig
 .text.SX1276SetTxConfig
                0x0000000008003008      0x274 Drivers/BSP/Components/sx1276.o
                0x0000000008003008                SX1276SetTxConfig
 .text.SX1276SetTxContinuousWave
                0x000000000800327c       0x80 Drivers/BSP/Components/sx1276.o
                0x000000000800327c                SX1276SetTxContinuousWave
 .text.SX1276OnDio2Irq
                0x00000000080032fc       0xc0 Drivers/BSP/Components/sx1276.o
                0x00000000080032fc                SX1276OnDio2Irq
 .text.SX1276OnDio3Irq
                0x00000000080033bc       0x54 Drivers/BSP/Components/sx1276.o
                0x00000000080033bc                SX1276OnDio3Irq
 .text.SX1276WriteFifo
                0x0000000008003410        0xe Drivers/BSP/Components/sx1276.o
                0x0000000008003410                SX1276WriteFifo
 *fill*         0x000000000800341e        0x2 
 .text.SX1276Send
                0x0000000008003420       0xfc Drivers/BSP/Components/sx1276.o
                0x0000000008003420                SX1276Send
 .text.SX1276ReadFifo
                0x000000000800351c        0xe Drivers/BSP/Components/sx1276.o
                0x000000000800351c                SX1276ReadFifo
 *fill*         0x000000000800352a        0x2 
 .text.SX1276OnDio0Irq
                0x000000000800352c      0x270 Drivers/BSP/Components/sx1276.o
                0x000000000800352c                SX1276OnDio0Irq
 .text.SX1276OnDio1Irq
                0x000000000800379c       0xe0 Drivers/BSP/Components/sx1276.o
                0x000000000800379c                SX1276OnDio1Irq
 .text.SX1276SetMaxPayloadLength
                0x000000000800387c       0x34 Drivers/BSP/Components/sx1276.o
                0x000000000800387c                SX1276SetMaxPayloadLength
 .text.SX1276SetPublicNetwork
                0x00000000080038b0       0x24 Drivers/BSP/Components/sx1276.o
                0x00000000080038b0                SX1276SetPublicNetwork
 .text.SX1276OnTimeoutIrq
                0x00000000080038d4       0xd0 Drivers/BSP/Components/sx1276.o
                0x00000000080038d4                SX1276OnTimeoutIrq
 .text.SX1276GetRadioWakeUpTime
                0x00000000080039a4       0x14 Drivers/BSP/Components/sx1276.o
                0x00000000080039a4                SX1276GetRadioWakeUpTime
 .text.SX1276GetWakeTime
                0x00000000080039b8        0x4 Drivers/BSP/MLM32L07X01/mlm32l07x01.o
                0x00000000080039b8                SX1276GetWakeTime
 .text.SX1276CheckRfFrequency
                0x00000000080039bc        0x4 Drivers/BSP/MLM32L07X01/mlm32l07x01.o
                0x00000000080039bc                SX1276CheckRfFrequency
 .text.SX1276SetRfTxPower
                0x00000000080039c0       0xa8 Drivers/BSP/MLM32L07X01/mlm32l07x01.o
                0x00000000080039c0                SX1276SetRfTxPower
 .text.SX1276IoInit
                0x0000000008003a68       0x74 Drivers/BSP/MLM32L07X01/mlm32l07x01.o
                0x0000000008003a68                SX1276IoInit
 .text.SX1276IoDeInit
                0x0000000008003adc       0x50 Drivers/BSP/MLM32L07X01/mlm32l07x01.o
                0x0000000008003adc                SX1276IoDeInit
 .text.SX1276SetAntSwLowPower
                0x0000000008003b2c       0x70 Drivers/BSP/MLM32L07X01/mlm32l07x01.o
                0x0000000008003b2c                SX1276SetAntSwLowPower
 .text.SX1276IoIrqInit
                0x0000000008003b9c       0x44 Drivers/BSP/MLM32L07X01/mlm32l07x01.o
                0x0000000008003b9c                SX1276IoIrqInit
 .text.SX1276SetAntSw
                0x0000000008003be0       0x40 Drivers/BSP/MLM32L07X01/mlm32l07x01.o
                0x0000000008003be0                SX1276SetAntSw
 .text.SX1276SetXO
                0x0000000008003c20       0x2c Drivers/BSP/MLM32L07X01/mlm32l07x01.o
                0x0000000008003c20                SX1276SetXO
 .text.SystemInit
                0x0000000008003c4c       0x5c Drivers/CMSIS/system_stm32l0xx.o
                0x0000000008003c4c                SystemInit
 .text.HAL_Init
                0x0000000008003ca8       0x20 Drivers/STM32L0xx_HAL_Driver/stm32l0xx_hal.o
                0x0000000008003ca8                HAL_Init
 .text.HAL_IncTick
                0x0000000008003cc8       0x10 Drivers/STM32L0xx_HAL_Driver/stm32l0xx_hal.o
                0x0000000008003cc8                HAL_IncTick
 .text.HAL_GetTick
                0x0000000008003cd8        0xc Drivers/STM32L0xx_HAL_Driver/stm32l0xx_hal.o
                0x0000000008003cd8                HAL_GetTick
 .text.HAL_DBGMCU_DisableDBGSleepMode
                0x0000000008003ce4       0x10 Drivers/STM32L0xx_HAL_Driver/stm32l0xx_hal.o
                0x0000000008003ce4                HAL_DBGMCU_DisableDBGSleepMode
 .text.HAL_DBGMCU_DisableDBGStopMode
                0x0000000008003cf4       0x10 Drivers/STM32L0xx_HAL_Driver/stm32l0xx_hal.o
                0x0000000008003cf4                HAL_DBGMCU_DisableDBGStopMode
 .text.HAL_DBGMCU_DisableDBGStandbyMode
                0x0000000008003d04       0x10 Drivers/STM32L0xx_HAL_Driver/stm32l0xx_hal.o
                0x0000000008003d04                HAL_DBGMCU_DisableDBGStandbyMode
 .text.HAL_ADC_MspInit
                0x0000000008003d14        0x2 Drivers/STM32L0xx_HAL_Driver/stm32l0xx_hal_adc.o
                0x0000000008003d14                HAL_ADC_MspInit
 *fill*         0x0000000008003d16        0x2 
 .text.HAL_ADC_Init
                0x0000000008003d18      0x1a8 Drivers/STM32L0xx_HAL_Driver/stm32l0xx_hal_adc.o
                0x0000000008003d18                HAL_ADC_Init
 .text.HAL_NVIC_SetPriority
                0x0000000008003ec0       0x60 Drivers/STM32L0xx_HAL_Driver/stm32l0xx_hal_cortex.o
                0x0000000008003ec0                HAL_NVIC_SetPriority
 .text.HAL_NVIC_EnableIRQ
                0x0000000008003f20       0x14 Drivers/STM32L0xx_HAL_Driver/stm32l0xx_hal_cortex.o
                0x0000000008003f20                HAL_NVIC_EnableIRQ
 .text.HAL_NVIC_SetPendingIRQ
                0x0000000008003f34       0x14 Drivers/STM32L0xx_HAL_Driver/stm32l0xx_hal_cortex.o
                0x0000000008003f34                HAL_NVIC_SetPendingIRQ
 .text.HAL_NVIC_ClearPendingIRQ
                0x0000000008003f48       0x18 Drivers/STM32L0xx_HAL_Driver/stm32l0xx_hal_cortex.o
                0x0000000008003f48                HAL_NVIC_ClearPendingIRQ
 .text.HAL_GPIO_Init
                0x0000000008003f60      0x178 Drivers/STM32L0xx_HAL_Driver/stm32l0xx_hal_gpio.o
                0x0000000008003f60                HAL_GPIO_Init
 .text.HAL_GPIO_WritePin
                0x00000000080040d8        0xc Drivers/STM32L0xx_HAL_Driver/stm32l0xx_hal_gpio.o
                0x00000000080040d8                HAL_GPIO_WritePin
 .text.HAL_GPIO_TogglePin
                0x00000000080040e4        0x8 Drivers/STM32L0xx_HAL_Driver/stm32l0xx_hal_gpio.o
                0x00000000080040e4                HAL_GPIO_TogglePin
 .text.HAL_GPIO_EXTI_IRQHandler
                0x00000000080040ec       0x18 Drivers/STM32L0xx_HAL_Driver/stm32l0xx_hal_gpio.o
                0x00000000080040ec                HAL_GPIO_EXTI_IRQHandler
 .text.HAL_PWR_DisablePVD
                0x0000000008004104       0x10 Drivers/STM32L0xx_HAL_Driver/stm32l0xx_hal_pwr.o
                0x0000000008004104                HAL_PWR_DisablePVD
 .text.HAL_PWR_EnterSLEEPMode
                0x0000000008004114       0x30 Drivers/STM32L0xx_HAL_Driver/stm32l0xx_hal_pwr.o
                0x0000000008004114                HAL_PWR_EnterSLEEPMode
 .text.HAL_PWR_EnterSTOPMode
                0x0000000008004144       0x38 Drivers/STM32L0xx_HAL_Driver/stm32l0xx_hal_pwr.o
                0x0000000008004144                HAL_PWR_EnterSTOPMode
 .text.HAL_PWREx_EnableFastWakeUp
                0x000000000800417c       0x14 Drivers/STM32L0xx_HAL_Driver/stm32l0xx_hal_pwr_ex.o
                0x000000000800417c                HAL_PWREx_EnableFastWakeUp
 .text.HAL_PWREx_EnableUltraLowPower
                0x0000000008004190       0x14 Drivers/STM32L0xx_HAL_Driver/stm32l0xx_hal_pwr_ex.o
                0x0000000008004190                HAL_PWREx_EnableUltraLowPower
 .text.RCC_SetFlashLatencyFromMSIRange
                0x00000000080041a4       0x74 Drivers/STM32L0xx_HAL_Driver/stm32l0xx_hal_rcc.o
 .text.HAL_RCC_OscConfig
                0x0000000008004218      0x4e8 Drivers/STM32L0xx_HAL_Driver/stm32l0xx_hal_rcc.o
                0x0000000008004218                HAL_RCC_OscConfig
 .text.HAL_RCC_GetSysClockFreq
                0x0000000008004700       0x78 Drivers/STM32L0xx_HAL_Driver/stm32l0xx_hal_rcc.o
                0x0000000008004700                HAL_RCC_GetSysClockFreq
 .text.HAL_RCC_ClockConfig
                0x0000000008004778      0x170 Drivers/STM32L0xx_HAL_Driver/stm32l0xx_hal_rcc.o
                0x0000000008004778                HAL_RCC_ClockConfig
 .text.HAL_RCC_GetPCLK1Freq
                0x00000000080048e8       0x20 Drivers/STM32L0xx_HAL_Driver/stm32l0xx_hal_rcc.o
                0x00000000080048e8                HAL_RCC_GetPCLK1Freq
 .text.HAL_RCC_GetPCLK2Freq
                0x0000000008004908       0x20 Drivers/STM32L0xx_HAL_Driver/stm32l0xx_hal_rcc.o
                0x0000000008004908                HAL_RCC_GetPCLK2Freq
 .text.HAL_RCCEx_PeriphCLKConfig
                0x0000000008004928      0x1b8 Drivers/STM32L0xx_HAL_Driver/stm32l0xx_hal_rcc_ex.o
                0x0000000008004928                HAL_RCCEx_PeriphCLKConfig
 .text.HAL_RCCEx_GetPeriphCLKFreq
                0x0000000008004ae0      0x1ec Drivers/STM32L0xx_HAL_Driver/stm32l0xx_hal_rcc_ex.o
                0x0000000008004ae0                HAL_RCCEx_GetPeriphCLKFreq
 .text.HAL_RTC_DeactivateAlarm
                0x0000000008004ccc       0xc0 Drivers/STM32L0xx_HAL_Driver/stm32l0xx_hal_rtc.o
                0x0000000008004ccc                HAL_RTC_DeactivateAlarm
 .text.HAL_RTC_WaitForSynchro
                0x0000000008004d8c       0x34 Drivers/STM32L0xx_HAL_Driver/stm32l0xx_hal_rtc.o
                0x0000000008004d8c                HAL_RTC_WaitForSynchro
 .text.RTC_EnterInitMode
                0x0000000008004dc0       0x38 Drivers/STM32L0xx_HAL_Driver/stm32l0xx_hal_rtc.o
                0x0000000008004dc0                RTC_EnterInitMode
 .text.HAL_RTC_Init
                0x0000000008004df8       0x94 Drivers/STM32L0xx_HAL_Driver/stm32l0xx_hal_rtc.o
                0x0000000008004df8                HAL_RTC_Init
 .text.RTC_ByteToBcd2
                0x0000000008004e8c       0x16 Drivers/STM32L0xx_HAL_Driver/stm32l0xx_hal_rtc.o
                0x0000000008004e8c                RTC_ByteToBcd2
 *fill*         0x0000000008004ea2        0x2 
 .text.HAL_RTC_SetTime
                0x0000000008004ea4       0xfc Drivers/STM32L0xx_HAL_Driver/stm32l0xx_hal_rtc.o
                0x0000000008004ea4                HAL_RTC_SetTime
 .text.HAL_RTC_SetDate
                0x0000000008004fa0       0xd8 Drivers/STM32L0xx_HAL_Driver/stm32l0xx_hal_rtc.o
                0x0000000008004fa0                HAL_RTC_SetDate
 .text.HAL_RTC_SetAlarm_IT
                0x0000000008005078      0x194 Drivers/STM32L0xx_HAL_Driver/stm32l0xx_hal_rtc.o
                0x0000000008005078                HAL_RTC_SetAlarm_IT
 .text.RTC_Bcd2ToByte
                0x000000000800520c       0x10 Drivers/STM32L0xx_HAL_Driver/stm32l0xx_hal_rtc.o
                0x000000000800520c                RTC_Bcd2ToByte
 .text.HAL_RTC_GetTime
                0x000000000800521c       0x54 Drivers/STM32L0xx_HAL_Driver/stm32l0xx_hal_rtc.o
                0x000000000800521c                HAL_RTC_GetTime
 .text.HAL_RTC_GetDate
                0x0000000008005270       0x44 Drivers/STM32L0xx_HAL_Driver/stm32l0xx_hal_rtc.o
                0x0000000008005270                HAL_RTC_GetDate
 .text.HAL_RTCEx_EnableBypassShadow
                0x00000000080052b4       0x32 Drivers/STM32L0xx_HAL_Driver/stm32l0xx_hal_rtc_ex.o
                0x00000000080052b4                HAL_RTCEx_EnableBypassShadow
 *fill*         0x00000000080052e6        0x2 
 .text.SPI_WaitOnFlagUntilTimeout
                0x00000000080052e8       0x94 Drivers/STM32L0xx_HAL_Driver/stm32l0xx_hal_spi.o
 .text.HAL_SPI_MspInit
                0x000000000800537c        0x2 Drivers/STM32L0xx_HAL_Driver/stm32l0xx_hal_spi.o
                0x000000000800537c                HAL_SPI_MspInit
 *fill*         0x000000000800537e        0x2 
 .text.HAL_SPI_Init
                0x0000000008005380       0x80 Drivers/STM32L0xx_HAL_Driver/stm32l0xx_hal_spi.o
                0x0000000008005380                HAL_SPI_Init
 .text.HAL_SPI_MspDeInit
                0x0000000008005400        0x2 Drivers/STM32L0xx_HAL_Driver/stm32l0xx_hal_spi.o
                0x0000000008005400                HAL_SPI_MspDeInit
 .text.HAL_SPI_DeInit
                0x0000000008005402       0x2e Drivers/STM32L0xx_HAL_Driver/stm32l0xx_hal_spi.o
                0x0000000008005402                HAL_SPI_DeInit
 .text.HAL_SPI_TransmitReceive
                0x0000000008005430      0x2f0 Drivers/STM32L0xx_HAL_Driver/stm32l0xx_hal_spi.o
                0x0000000008005430                HAL_SPI_TransmitReceive
 .text.HAL_UART_DeInit
                0x0000000008005720       0x3a Drivers/STM32L0xx_HAL_Driver/stm32l0xx_hal_uart.o
                0x0000000008005720                HAL_UART_DeInit
 *fill*         0x000000000800575a        0x2 
 .text.UART_SetConfig
                0x000000000800575c      0x260 Drivers/STM32L0xx_HAL_Driver/stm32l0xx_hal_uart.o
                0x000000000800575c                UART_SetConfig
 .text.UART_AdvFeatureConfig
                0x00000000080059bc       0xd0 Drivers/STM32L0xx_HAL_Driver/stm32l0xx_hal_uart.o
                0x00000000080059bc                UART_AdvFeatureConfig
 .text.UART_WaitOnFlagUntilTimeout
                0x0000000008005a8c       0x64 Drivers/STM32L0xx_HAL_Driver/stm32l0xx_hal_uart.o
                0x0000000008005a8c                UART_WaitOnFlagUntilTimeout
 .text.HAL_UART_Transmit
                0x0000000008005af0       0xcc Drivers/STM32L0xx_HAL_Driver/stm32l0xx_hal_uart.o
                0x0000000008005af0                HAL_UART_Transmit
 .text.UART_CheckIdleState
                0x0000000008005bbc       0x64 Drivers/STM32L0xx_HAL_Driver/stm32l0xx_hal_uart.o
                0x0000000008005bbc                UART_CheckIdleState
 .text.HAL_UART_Init
                0x0000000008005c20       0x6c Drivers/STM32L0xx_HAL_Driver/stm32l0xx_hal_uart.o
                0x0000000008005c20                HAL_UART_Init
 .text.DelayMs  0x0000000008005c8c        0x8 Middlewares/Lora/Utilities/delay.o
                0x0000000008005c8c                DelayMs
 .text.LPM_SetStopMode
                0x0000000008005c94       0x2c Middlewares/Lora/Utilities/low_power_manager.o
                0x0000000008005c94                LPM_SetStopMode
 .text.LPM_GetMode
                0x0000000008005cc0       0x24 Middlewares/Lora/Utilities/low_power_manager.o
                0x0000000008005cc0                LPM_GetMode
 .text.LPM_ExitSleepMode
                0x0000000008005ce4        0x2 Middlewares/Lora/Utilities/low_power_manager.o
                0x0000000008005ce4                LPM_ExitSleepMode
 .text.LPM_EnterOffMode
                0x0000000008005ce6        0x2 Middlewares/Lora/Utilities/low_power_manager.o
                0x0000000008005ce6                LPM_EnterOffMode
 .text.LPM_ExitOffMode
                0x0000000008005ce8        0x2 Middlewares/Lora/Utilities/low_power_manager.o
                0x0000000008005ce8                LPM_ExitOffMode
 *fill*         0x0000000008005cea        0x2 
 .text.LPM_EnterLowPower
                0x0000000008005cec       0x34 Middlewares/Lora/Utilities/low_power_manager.o
                0x0000000008005cec                LPM_EnterLowPower
 .text.TimerSetTimeout
                0x0000000008005d20       0x2a Middlewares/Lora/Utilities/timeServer.o
 *fill*         0x0000000008005d4a        0x2 
 .text.TimerInsertNewHeadTimer
                0x0000000008005d4c       0x1c Middlewares/Lora/Utilities/timeServer.o
 .text.TimerInit
                0x0000000008005d68        0xe Middlewares/Lora/Utilities/timeServer.o
                0x0000000008005d68                TimerInit
 *fill*         0x0000000008005d76        0x2 
 .text.TimerStart
                0x0000000008005d78       0x70 Middlewares/Lora/Utilities/timeServer.o
                0x0000000008005d78                TimerStart
 .text.TimerIrqHandler
                0x0000000008005de8       0x74 Middlewares/Lora/Utilities/timeServer.o
                0x0000000008005de8                TimerIrqHandler
 .text.TimerStop
                0x0000000008005e5c       0x58 Middlewares/Lora/Utilities/timeServer.o
                0x0000000008005e5c                TimerStop
 .text.TimerSetValue
                0x0000000008005eb4       0x22 Middlewares/Lora/Utilities/timeServer.o
                0x0000000008005eb4                TimerSetValue
 .text.TimerGetCurrentTime
                0x0000000008005ed6        0xc Middlewares/Lora/Utilities/timeServer.o
                0x0000000008005ed6                TimerGetCurrentTime
 .text.TimerGetElapsedTime
                0x0000000008005ee2       0x18 Middlewares/Lora/Utilities/timeServer.o
                0x0000000008005ee2                TimerGetElapsedTime
 .text.memcpy1  0x0000000008005efa       0x12 Middlewares/Lora/Utilities/utilities.o
                0x0000000008005efa                memcpy1
 .text.DBG_Init
                0x0000000008005f0c       0x48 Projects/PingPong/debug.o
                0x0000000008005f0c                DBG_Init
 .text.Error_Handler
                0x0000000008005f54        0x2 Projects/PingPong/debug.o
                0x0000000008005f54                Error_Handler
 *fill*         0x0000000008005f56        0x2 
 .text.HW_GPIO_GetBitPos
                0x0000000008005f58       0x3c Projects/PingPong/hw_gpio.o
 .text.HW_GPIO_Init
                0x0000000008005f94       0x98 Projects/PingPong/hw_gpio.o
                0x0000000008005f94                HW_GPIO_Init
 .text.HW_GPIO_SetIrq
                0x000000000800602c       0x34 Projects/PingPong/hw_gpio.o
                0x000000000800602c                HW_GPIO_SetIrq
 .text.HW_GPIO_IrqHandler
                0x0000000008006060       0x18 Projects/PingPong/hw_gpio.o
                0x0000000008006060                HW_GPIO_IrqHandler
 .text.HW_GPIO_Write
                0x0000000008006078        0xa Projects/PingPong/hw_gpio.o
                0x0000000008006078                HW_GPIO_Write
 *fill*         0x0000000008006082        0x2 
 .text.HW_RTC_GetCalendarValue
                0x0000000008006084       0xa0 Projects/PingPong/hw_rtc.o
 .text.HW_RTC_GetMinimumTimeout
                0x0000000008006124        0x4 Projects/PingPong/hw_rtc.o
                0x0000000008006124                HW_RTC_GetMinimumTimeout
 .text.HW_RTC_ms2Tick
                0x0000000008006128       0x10 Projects/PingPong/hw_rtc.o
                0x0000000008006128                HW_RTC_ms2Tick
 .text.HW_RTC_Tick2ms
                0x0000000008006138       0x14 Projects/PingPong/hw_rtc.o
                0x0000000008006138                HW_RTC_Tick2ms
 .text.HW_RTC_GetTimerElapsedTime
                0x000000000800614c       0x18 Projects/PingPong/hw_rtc.o
                0x000000000800614c                HW_RTC_GetTimerElapsedTime
 .text.HW_RTC_GetTimerValue
                0x0000000008006164        0xe Projects/PingPong/hw_rtc.o
                0x0000000008006164                HW_RTC_GetTimerValue
 *fill*         0x0000000008006172        0x2 
 .text.HW_RTC_StopAlarm
                0x0000000008006174       0x24 Projects/PingPong/hw_rtc.o
                0x0000000008006174                HW_RTC_StopAlarm
 .text.HW_RTC_SetAlarm
                0x0000000008006198      0x154 Projects/PingPong/hw_rtc.o
                0x0000000008006198                HW_RTC_SetAlarm
 .text.HW_RTC_IrqHandler
                0x00000000080062ec       0x40 Projects/PingPong/hw_rtc.o
                0x00000000080062ec                HW_RTC_IrqHandler
 .text.HW_RTC_DelayMs
                0x000000000800632c       0x26 Projects/PingPong/hw_rtc.o
                0x000000000800632c                HW_RTC_DelayMs
 *fill*         0x0000000008006352        0x2 
 .text.HW_RTC_SetTimerContext
                0x0000000008006354       0x18 Projects/PingPong/hw_rtc.o
                0x0000000008006354                HW_RTC_SetTimerContext
 .text.HW_RTC_Init
                0x000000000800636c       0x80 Projects/PingPong/hw_rtc.o
                0x000000000800636c                HW_RTC_Init
 .text.HW_RTC_GetTimerContext
                0x00000000080063ec        0xc Projects/PingPong/hw_rtc.o
                0x00000000080063ec                HW_RTC_GetTimerContext
 .text.HW_SPI_Init
                0x00000000080063f8       0xe0 Projects/PingPong/hw_spi.o
                0x00000000080063f8                HW_SPI_Init
 .text.HW_SPI_DeInit
                0x00000000080064d8       0xa8 Projects/PingPong/hw_spi.o
                0x00000000080064d8                HW_SPI_DeInit
 .text.HW_SPI_InOut
                0x0000000008006580       0x28 Projects/PingPong/hw_spi.o
                0x0000000008006580                HW_SPI_InOut
 .text.OnledEvent
                0x00000000080065a8       0x28 Projects/PingPong/main.o
 .text.OnTxDone
                0x00000000080065d0       0x24 Projects/PingPong/main.o
                0x00000000080065d0                OnTxDone
 .text.OnTxTimeout
                0x00000000080065f4       0x24 Projects/PingPong/main.o
                0x00000000080065f4                OnTxTimeout
 .text.OnRxTimeout
                0x0000000008006618       0x24 Projects/PingPong/main.o
                0x0000000008006618                OnRxTimeout
 .text.OnRxError
                0x000000000800663c       0x24 Projects/PingPong/main.o
                0x000000000800663c                OnRxError
 .text.OnRxDone
                0x0000000008006660       0x54 Projects/PingPong/main.o
                0x0000000008006660                OnRxDone
 .text.startup.main
                0x00000000080066b4      0x270 Projects/PingPong/main.o
                0x00000000080066b4                main
 .text.HAL_InitTick
                0x0000000008006924        0x4 Projects/PingPong/mlm32l0xx_hal_msp.o
                0x0000000008006924                HAL_InitTick
 .text.HAL_MspInit
                0x0000000008006928       0x20 Projects/PingPong/mlm32l0xx_hal_msp.o
                0x0000000008006928                HAL_MspInit
 .text.HAL_RTC_MspInit
                0x0000000008006948       0x5c Projects/PingPong/mlm32l0xx_hal_msp.o
                0x0000000008006948                HAL_RTC_MspInit
 .text.HAL_RTC_AlarmAEventCallback
                0x00000000080069a4        0x8 Projects/PingPong/mlm32l0xx_hal_msp.o
                0x00000000080069a4                HAL_RTC_AlarmAEventCallback
 .text.HAL_GPIO_EXTI_Callback
                0x00000000080069ac        0x8 Projects/PingPong/mlm32l0xx_hal_msp.o
                0x00000000080069ac                HAL_GPIO_EXTI_Callback
 .text.MSP_GetIRQn
                0x00000000080069b4       0x20 Projects/PingPong/mlm32l0xx_hal_msp.o
                0x00000000080069b4                MSP_GetIRQn
 .text.HW_DeInit
                0x00000000080069d4       0x20 Projects/PingPong/mlm32l0xx_hw.o
                0x00000000080069d4                HW_DeInit
 .text.SystemClock_Config
                0x00000000080069f4       0x94 Projects/PingPong/mlm32l0xx_hw.o
                0x00000000080069f4                SystemClock_Config
 .text.HW_AdcInit
                0x0000000008006a88       0x70 Projects/PingPong/mlm32l0xx_hw.o
                0x0000000008006a88                HW_AdcInit
 .text.HW_Init  0x0000000008006af8       0x48 Projects/PingPong/mlm32l0xx_hw.o
                0x0000000008006af8                HW_Init
 .text.LPM_EnterStopMode
                0x0000000008006b40       0x28 Projects/PingPong/mlm32l0xx_hw.o
                0x0000000008006b40                LPM_EnterStopMode
 .text.LPM_ExitStopMode
                0x0000000008006b68       0x50 Projects/PingPong/mlm32l0xx_hw.o
                0x0000000008006b68                LPM_ExitStopMode
 .text.LPM_EnterSleepMode
                0x0000000008006bb8        0xc Projects/PingPong/mlm32l0xx_hw.o
                0x0000000008006bb8                LPM_EnterSleepMode
 .text.NMI_Handler
                0x0000000008006bc4        0x2 Projects/PingPong/mlm32l0xx_it.o
                0x0000000008006bc4                NMI_Handler
 .text.HardFault_Handler
                0x0000000008006bc6        0x4 Projects/PingPong/mlm32l0xx_it.o
                0x0000000008006bc6                HardFault_Handler
 .text.SVC_Handler
                0x0000000008006bca        0x2 Projects/PingPong/mlm32l0xx_it.o
                0x0000000008006bca                SVC_Handler
 .text.PendSV_Handler
                0x0000000008006bcc        0x2 Projects/PingPong/mlm32l0xx_it.o
                0x0000000008006bcc                PendSV_Handler
 .text.SysTick_Handler
                0x0000000008006bce        0x8 Projects/PingPong/mlm32l0xx_it.o
                0x0000000008006bce                SysTick_Handler
 .text.USART2_IRQHandler
                0x0000000008006bd6        0x8 Projects/PingPong/mlm32l0xx_it.o
                0x0000000008006bd6                USART2_IRQHandler
 .text.RTC_IRQHandler
                0x0000000008006bde        0x8 Projects/PingPong/mlm32l0xx_it.o
                0x0000000008006bde                RTC_IRQHandler
 .text.EXTI0_1_IRQHandler
                0x0000000008006be6       0x10 Projects/PingPong/mlm32l0xx_it.o
                0x0000000008006be6                EXTI0_1_IRQHandler
 .text.EXTI2_3_IRQHandler
                0x0000000008006bf6       0x10 Projects/PingPong/mlm32l0xx_it.o
                0x0000000008006bf6                EXTI2_3_IRQHandler
 .text.EXTI4_15_IRQHandler
                0x0000000008006c06       0x5c Projects/PingPong/mlm32l0xx_it.o
                0x0000000008006c06                EXTI4_15_IRQHandler
 *fill*         0x0000000008006c62        0x2 
 .text.vcom_Init
                0x0000000008006c64       0x44 Projects/PingPong/vcom.o
                0x0000000008006c64                vcom_Init
 .text.vcom_DeInit
                0x0000000008006ca8       0x10 Projects/PingPong/vcom.o
                0x0000000008006ca8                vcom_DeInit
 .text.vcom_Send
                0x0000000008006cb8       0x8c Projects/PingPong/vcom.o
                0x0000000008006cb8                vcom_Send
 .text.vcom_Print
                0x0000000008006d44       0x6c Projects/PingPong/vcom.o
                0x0000000008006d44                vcom_Print
 .text.vcom_IoInit
                0x0000000008006db0       0x60 Projects/PingPong/vcom.o
                0x0000000008006db0                vcom_IoInit
 .text.HAL_UART_MspInit
                0x0000000008006e10       0x18 Projects/PingPong/vcom.o
                0x0000000008006e10                HAL_UART_MspInit
 .text.vcom_IoDeInit
                0x0000000008006e28       0x58 Projects/PingPong/vcom.o
                0x0000000008006e28                vcom_IoDeInit
 .text.HAL_UART_MspDeInit
                0x0000000008006e80        0x8 Projects/PingPong/vcom.o
                0x0000000008006e80                HAL_UART_MspDeInit
 .text.Reset_Handler
                0x0000000008006e88       0x50 Projects/SW4STM32/startup_stm32l072xx.o
                0x0000000008006e88                Reset_Handler
 .text.Default_Handler
                0x0000000008006ed8        0x2 Projects/SW4STM32/startup_stm32l072xx.o
                0x0000000008006ed8                TSC_IRQHandler
                0x0000000008006ed8                ADC1_COMP_IRQHandler
                0x0000000008006ed8                PVD_IRQHandler
                0x0000000008006ed8                I2C1_IRQHandler
                0x0000000008006ed8                RCC_CRS_IRQHandler
                0x0000000008006ed8                SPI1_IRQHandler
                0x0000000008006ed8                TIM6_DAC_IRQHandler
                0x0000000008006ed8                I2C2_IRQHandler
                0x0000000008006ed8                DMA1_Channel4_5_6_7_IRQHandler
                0x0000000008006ed8                TIM3_IRQHandler
                0x0000000008006ed8                DMA1_Channel1_IRQHandler
                0x0000000008006ed8                USART4_5_IRQHandler
                0x0000000008006ed8                Default_Handler
                0x0000000008006ed8                TIM22_IRQHandler
                0x0000000008006ed8                TIM7_IRQHandler
                0x0000000008006ed8                USB_IRQHandler
                0x0000000008006ed8                I2C3_IRQHandler
                0x0000000008006ed8                SPI2_IRQHandler
                0x0000000008006ed8                TIM21_IRQHandler
                0x0000000008006ed8                WWDG_IRQHandler
                0x0000000008006ed8                TIM2_IRQHandler
                0x0000000008006ed8                DMA1_Channel2_3_IRQHandler
                0x0000000008006ed8                FLASH_IRQHandler
                0x0000000008006ed8                USART1_IRQHandler
                0x0000000008006ed8                RNG_LPUART1_IRQHandler
                0x0000000008006ed8                LPTIM1_IRQHandler
 *fill*         0x0000000008006eda        0x2 
 .text.ceil     0x0000000008006edc      0x12c /home/ross/Ac6/SystemWorkbench/plugins/fr.ac6.mcu.externaltools.arm-none.linux64_1.15.0.201708311556/tools/compiler/bin/../lib/gcc/arm-none-eabi/6.3.1/../../../../arm-none-eabi/lib/thumb/v6-m/libm.a(lib_a-s_ceil.o)
                0x0000000008006edc                ceil
 .text.floor    0x0000000008007008      0x130 /home/ross/Ac6/SystemWorkbench/plugins/fr.ac6.mcu.externaltools.arm-none.linux64_1.15.0.201708311556/tools/compiler/bin/../lib/gcc/arm-none-eabi/6.3.1/../../../../arm-none-eabi/lib/thumb/v6-m/libm.a(lib_a-s_floor.o)
                0x0000000008007008                floor
 .text.round    0x0000000008007138       0xac /home/ross/Ac6/SystemWorkbench/plugins/fr.ac6.mcu.externaltools.arm-none.linux64_1.15.0.201708311556/tools/compiler/bin/../lib/gcc/arm-none-eabi/6.3.1/../../../../arm-none-eabi/lib/thumb/v6-m/libm.a(lib_a-s_round.o)
                0x0000000008007138                round
 .text.__libc_init_array
                0x00000000080071e4       0x48 /home/ross/Ac6/SystemWorkbench/plugins/fr.ac6.mcu.externaltools.arm-none.linux64_1.15.0.201708311556/tools/compiler/bin/../lib/gcc/arm-none-eabi/6.3.1/../../../../arm-none-eabi/lib/thumb/v6-m/libc_nano.a(lib_a-init.o)
                0x00000000080071e4                __libc_init_array
 .text.memcpy   0x000000000800722c       0x12 /home/ross/Ac6/SystemWorkbench/plugins/fr.ac6.mcu.externaltools.arm-none.linux64_1.15.0.201708311556/tools/compiler/bin/../lib/gcc/arm-none-eabi/6.3.1/../../../../arm-none-eabi/lib/thumb/v6-m/libc_nano.a(lib_a-memcpy-stub.o)
                0x000000000800722c                memcpy
 .text.memset   0x000000000800723e       0x10 /home/ross/Ac6/SystemWorkbench/plugins/fr.ac6.mcu.externaltools.arm-none.linux64_1.15.0.201708311556/tools/compiler/bin/../lib/gcc/arm-none-eabi/6.3.1/../../../../arm-none-eabi/lib/thumb/v6-m/libc_nano.a(lib_a-memset.o)
                0x000000000800723e                memset
 .text.strncmp  0x000000000800724e       0x22 /home/ross/Ac6/SystemWorkbench/plugins/fr.ac6.mcu.externaltools.arm-none.linux64_1.15.0.201708311556/tools/compiler/bin/../lib/gcc/arm-none-eabi/6.3.1/../../../../arm-none-eabi/lib/thumb/v6-m/libc_nano.a(lib_a-strncmp.o)
                0x000000000800724e                strncmp
 .text._vsprintf_r
                0x0000000008007270       0x30 /home/ross/Ac6/SystemWorkbench/plugins/fr.ac6.mcu.externaltools.arm-none.linux64_1.15.0.201708311556/tools/compiler/bin/../lib/gcc/arm-none-eabi/6.3.1/../../../../arm-none-eabi/lib/thumb/v6-m/libc_nano.a(lib_a-vsprintf.o)
                0x0000000008007270                _vsiprintf_r
                0x0000000008007270                _vsprintf_r
 .text.vsprintf
                0x00000000080072a0       0x18 /home/ross/Ac6/SystemWorkbench/plugins/fr.ac6.mcu.externaltools.arm-none.linux64_1.15.0.201708311556/tools/compiler/bin/../lib/gcc/arm-none-eabi/6.3.1/../../../../arm-none-eabi/lib/thumb/v6-m/libc_nano.a(lib_a-vsprintf.o)
                0x00000000080072a0                vsprintf
                0x00000000080072a0                vsiprintf
 .text.__ssputs_r
                0x00000000080072b8       0xc4 /home/ross/Ac6/SystemWorkbench/plugins/fr.ac6.mcu.externaltools.arm-none.linux64_1.15.0.201708311556/tools/compiler/bin/../lib/gcc/arm-none-eabi/6.3.1/../../../../arm-none-eabi/lib/thumb/v6-m/libc_nano.a(lib_a-nano-svfprintf.o)
                0x00000000080072b8                __ssputs_r
 .text._svfprintf_r
                0x000000000800737c      0x208 /home/ross/Ac6/SystemWorkbench/plugins/fr.ac6.mcu.externaltools.arm-none.linux64_1.15.0.201708311556/tools/compiler/bin/../lib/gcc/arm-none-eabi/6.3.1/../../../../arm-none-eabi/lib/thumb/v6-m/libc_nano.a(lib_a-nano-svfprintf.o)
                0x000000000800737c                _svfprintf_r
                0x000000000800737c                _svfiprintf_r
 .text._printf_common
                0x0000000008007584       0xda /home/ross/Ac6/SystemWorkbench/plugins/fr.ac6.mcu.externaltools.arm-none.linux64_1.15.0.201708311556/tools/compiler/bin/../lib/gcc/arm-none-eabi/6.3.1/../../../../arm-none-eabi/lib/thumb/v6-m/libc_nano.a(lib_a-nano-vfprintf_i.o)
                0x0000000008007584                _printf_common
 *fill*         0x000000000800765e        0x2 
 .text._printf_i
                0x0000000008007660      0x234 /home/ross/Ac6/SystemWorkbench/plugins/fr.ac6.mcu.externaltools.arm-none.linux64_1.15.0.201708311556/tools/compiler/bin/../lib/gcc/arm-none-eabi/6.3.1/../../../../arm-none-eabi/lib/thumb/v6-m/libc_nano.a(lib_a-nano-vfprintf_i.o)
                0x0000000008007660                _printf_i
 .text.memchr   0x0000000008007894       0x16 /home/ross/Ac6/SystemWorkbench/plugins/fr.ac6.mcu.externaltools.arm-none.linux64_1.15.0.201708311556/tools/compiler/bin/../lib/gcc/arm-none-eabi/6.3.1/../../../../arm-none-eabi/lib/thumb/v6-m/libc_nano.a(lib_a-memchr-stub.o)
                0x0000000008007894                memchr
 .text.memmove  0x00000000080078aa       0x24 /home/ross/Ac6/SystemWorkbench/plugins/fr.ac6.mcu.externaltools.arm-none.linux64_1.15.0.201708311556/tools/compiler/bin/../lib/gcc/arm-none-eabi/6.3.1/../../../../arm-none-eabi/lib/thumb/v6-m/libc_nano.a(lib_a-memmove.o)
                0x00000000080078aa                memmove
 *fill*         0x00000000080078ce        0x2 
 .text._free_r  0x00000000080078d0       0x94 /home/ross/Ac6/SystemWorkbench/plugins/fr.ac6.mcu.externaltools.arm-none.linux64_1.15.0.201708311556/tools/compiler/bin/../lib/gcc/arm-none-eabi/6.3.1/../../../../arm-none-eabi/lib/thumb/v6-m/libc_nano.a(lib_a-nano-freer.o)
                0x00000000080078d0                _free_r
 .text._malloc_r
                0x0000000008007964       0xbc /home/ross/Ac6/SystemWorkbench/plugins/fr.ac6.mcu.externaltools.arm-none.linux64_1.15.0.201708311556/tools/compiler/bin/../lib/gcc/arm-none-eabi/6.3.1/../../../../arm-none-eabi/lib/thumb/v6-m/libc_nano.a(lib_a-nano-mallocr.o)
                0x0000000008007964                _malloc_r
 .text._realloc_r
                0x0000000008007a20       0x4c /home/ross/Ac6/SystemWorkbench/plugins/fr.ac6.mcu.externaltools.arm-none.linux64_1.15.0.201708311556/tools/compiler/bin/../lib/gcc/arm-none-eabi/6.3.1/../../../../arm-none-eabi/lib/thumb/v6-m/libc_nano.a(lib_a-nano-reallocr.o)
                0x0000000008007a20                _realloc_r
 .text._sbrk_r  0x0000000008007a6c       0x24 /home/ross/Ac6/SystemWorkbench/plugins/fr.ac6.mcu.externaltools.arm-none.linux64_1.15.0.201708311556/tools/compiler/bin/../lib/gcc/arm-none-eabi/6.3.1/../../../../arm-none-eabi/lib/thumb/v6-m/libc_nano.a(lib_a-sbrkr.o)
                0x0000000008007a6c                _sbrk_r
 .text.__malloc_lock
                0x0000000008007a90        0x2 /home/ross/Ac6/SystemWorkbench/plugins/fr.ac6.mcu.externaltools.arm-none.linux64_1.15.0.201708311556/tools/compiler/bin/../lib/gcc/arm-none-eabi/6.3.1/../../../../arm-none-eabi/lib/thumb/v6-m/libc_nano.a(lib_a-mlock.o)
                0x0000000008007a90                __malloc_lock
 .text.__malloc_unlock
                0x0000000008007a92        0x2 /home/ross/Ac6/SystemWorkbench/plugins/fr.ac6.mcu.externaltools.arm-none.linux64_1.15.0.201708311556/tools/compiler/bin/../lib/gcc/arm-none-eabi/6.3.1/../../../../arm-none-eabi/lib/thumb/v6-m/libc_nano.a(lib_a-mlock.o)
                0x0000000008007a92                __malloc_unlock
 .text._malloc_usable_size_r
                0x0000000008007a94       0x10 /home/ross/Ac6/SystemWorkbench/plugins/fr.ac6.mcu.externaltools.arm-none.linux64_1.15.0.201708311556/tools/compiler/bin/../lib/gcc/arm-none-eabi/6.3.1/../../../../arm-none-eabi/lib/thumb/v6-m/libc_nano.a(lib_a-nano-msizer.o)
                0x0000000008007a94                _malloc_usable_size_r
 .text._sbrk    0x0000000008007aa4       0x1c /home/ross/Ac6/SystemWorkbench/plugins/fr.ac6.mcu.externaltools.arm-none.linux64_1.15.0.201708311556/tools/compiler/bin/../lib/gcc/arm-none-eabi/6.3.1/../../../../arm-none-eabi/lib/thumb/v6-m/libnosys.a(sbrk.o)
                0x0000000008007aa4                _sbrk
 *(.glue_7)
 .glue_7        0x0000000008007ac0        0x0 linker stubs
 *(.glue_7t)
 .glue_7t       0x0000000008007ac0        0x0 linker stubs
 *(.eh_frame)
 .eh_frame      0x0000000008007ac0        0x0 /home/ross/Ac6/SystemWorkbench/plugins/fr.ac6.mcu.externaltools.arm-none.linux64_1.15.0.201708311556/tools/compiler/bin/../lib/gcc/arm-none-eabi/6.3.1/thumb/v6-m/crtbegin.o
 *(.init)
 .init          0x0000000008007ac0        0x4 /home/ross/Ac6/SystemWorkbench/plugins/fr.ac6.mcu.externaltools.arm-none.linux64_1.15.0.201708311556/tools/compiler/bin/../lib/gcc/arm-none-eabi/6.3.1/thumb/v6-m/crti.o
                0x0000000008007ac0                _init
 .init          0x0000000008007ac4        0x8 /home/ross/Ac6/SystemWorkbench/plugins/fr.ac6.mcu.externaltools.arm-none.linux64_1.15.0.201708311556/tools/compiler/bin/../lib/gcc/arm-none-eabi/6.3.1/thumb/v6-m/crtn.o
 *(.fini)
 .fini          0x0000000008007acc        0x4 /home/ross/Ac6/SystemWorkbench/plugins/fr.ac6.mcu.externaltools.arm-none.linux64_1.15.0.201708311556/tools/compiler/bin/../lib/gcc/arm-none-eabi/6.3.1/thumb/v6-m/crti.o
                0x0000000008007acc                _fini
 .fini          0x0000000008007ad0        0x8 /home/ross/Ac6/SystemWorkbench/plugins/fr.ac6.mcu.externaltools.arm-none.linux64_1.15.0.201708311556/tools/compiler/bin/../lib/gcc/arm-none-eabi/6.3.1/thumb/v6-m/crtn.o
                0x0000000008007ad8                . = ALIGN (0x4)
                0x0000000008007ad8                _etext = .

.vfp11_veneer   0x0000000008007ad8        0x0
 .vfp11_veneer  0x0000000008007ad8        0x0 linker stubs

.v4_bx          0x0000000008007ad8        0x0
 .v4_bx         0x0000000008007ad8        0x0 linker stubs

.iplt           0x0000000008007ad8        0x0
 .iplt          0x0000000008007ad8        0x0 /home/ross/Ac6/SystemWorkbench/plugins/fr.ac6.mcu.externaltools.arm-none.linux64_1.15.0.201708311556/tools/compiler/bin/../lib/gcc/arm-none-eabi/6.3.1/thumb/v6-m/crtbegin.o

.rodata         0x0000000008007ad8      0x308
                0x0000000008007ad8                . = ALIGN (0x4)
 *(.rodata)
 .rodata        0x0000000008007ad8        0xc Drivers/BSP/B_L072Z_LRWAN1/b-l072z-lrwan1.o
                0x0000000008007ad8                LED_PIN
                0x0000000008007ae0                BUTTON_IRQn
                0x0000000008007ae2                BUTTON_PIN
 *fill*         0x0000000008007ae4        0x4 
 .rodata        0x0000000008007ae8       0xf8 Drivers/BSP/Components/sx1276.o
                0x0000000008007ae8                FskBandwidths
                0x0000000008007bb0                RadioRegsInit
 .rodata        0x0000000008007be0       0x68 Drivers/BSP/MLM32L07X01/mlm32l07x01.o
                0x0000000008007be0                Radio
 .rodata        0x0000000008007c48       0x21 Drivers/CMSIS/system_stm32l0xx.o
                0x0000000008007c48                PLLMulTable
                0x0000000008007c51                AHBPrescTable
                0x0000000008007c61                APBPrescTable
 .rodata        0x0000000008007c69       0x11 Drivers/STM32L0xx_HAL_Driver/stm32l0xx_hal_uart.o
 .rodata        0x0000000008007c7a       0x18 Projects/PingPong/hw_rtc.o
 .rodata        0x0000000008007c92        0xa Projects/PingPong/main.o
                0x0000000008007c92                PongMsg
                0x0000000008007c97                PingMsg
 .rodata        0x0000000008007c9c       0x40 /home/ross/Ac6/SystemWorkbench/plugins/fr.ac6.mcu.externaltools.arm-none.linux64_1.15.0.201708311556/tools/compiler/bin/../lib/gcc/arm-none-eabi/6.3.1/thumb/v6-m/libgcc.a(divdf3.o)
 .rodata        0x0000000008007cdc       0x40 /home/ross/Ac6/SystemWorkbench/plugins/fr.ac6.mcu.externaltools.arm-none.linux64_1.15.0.201708311556/tools/compiler/bin/../lib/gcc/arm-none-eabi/6.3.1/thumb/v6-m/libgcc.a(muldf3.o)
 *(.rodata*)
 .rodata.str1.1
                0x0000000008007d1c       0x1e Drivers/BSP/Components/sx1276.o
 .rodata.cst1   0x0000000008007d3a        0x1 Drivers/BSP/MLM32L07X01/mlm32l07x01.o
 .rodata.str1.1
                0x0000000008007d3b       0x72 Projects/PingPong/main.o
 .rodata._svfprintf_r.str1.1
                0x0000000008007dad       0x11 /home/ross/Ac6/SystemWorkbench/plugins/fr.ac6.mcu.externaltools.arm-none.linux64_1.15.0.201708311556/tools/compiler/bin/../lib/gcc/arm-none-eabi/6.3.1/../../../../arm-none-eabi/lib/thumb/v6-m/libc_nano.a(lib_a-nano-svfprintf.o)
 .rodata._printf_i.str1.1
                0x0000000008007dbe       0x22 /home/ross/Ac6/SystemWorkbench/plugins/fr.ac6.mcu.externaltools.arm-none.linux64_1.15.0.201708311556/tools/compiler/bin/../lib/gcc/arm-none-eabi/6.3.1/../../../../arm-none-eabi/lib/thumb/v6-m/libc_nano.a(lib_a-nano-vfprintf_i.o)
                0x0000000008007de0                . = ALIGN (0x4)

.ARM.extab
 *(.ARM.extab* .gnu.linkonce.armextab.*)

.ARM            0x0000000008007de0        0x8
                0x0000000008007de0                __exidx_start = .
 *(.ARM.exidx*)
 .ARM.exidx     0x0000000008007de0        0x8 /home/ross/Ac6/SystemWorkbench/plugins/fr.ac6.mcu.externaltools.arm-none.linux64_1.15.0.201708311556/tools/compiler/bin/../lib/gcc/arm-none-eabi/6.3.1/thumb/v6-m/libgcc.a(_udivmoddi4.o)
                0x0000000008007de8                __exidx_end = .

.rel.dyn        0x0000000008007de8        0x0
 .rel.iplt      0x0000000008007de8        0x0 /home/ross/Ac6/SystemWorkbench/plugins/fr.ac6.mcu.externaltools.arm-none.linux64_1.15.0.201708311556/tools/compiler/bin/../lib/gcc/arm-none-eabi/6.3.1/thumb/v6-m/crtbegin.o

.preinit_array  0x0000000008007de8        0x0
                0x0000000008007de8                PROVIDE (__preinit_array_start, .)
 *(.preinit_array*)
                0x0000000008007de8                PROVIDE (__preinit_array_end, .)

.init_array     0x0000000008007de8        0x4
                0x0000000008007de8                PROVIDE (__init_array_start, .)
 *(SORT(.init_array.*))
 *(.init_array*)
 .init_array    0x0000000008007de8        0x4 /home/ross/Ac6/SystemWorkbench/plugins/fr.ac6.mcu.externaltools.arm-none.linux64_1.15.0.201708311556/tools/compiler/bin/../lib/gcc/arm-none-eabi/6.3.1/thumb/v6-m/crtbegin.o
                0x0000000008007dec                PROVIDE (__init_array_end, .)

.fini_array     0x0000000008007dec        0x4
                [!provide]                        PROVIDE (__fini_array_start, .)
 *(SORT(.fini_array.*))
 *(.fini_array*)
 .fini_array    0x0000000008007dec        0x4 /home/ross/Ac6/SystemWorkbench/plugins/fr.ac6.mcu.externaltools.arm-none.linux64_1.15.0.201708311556/tools/compiler/bin/../lib/gcc/arm-none-eabi/6.3.1/thumb/v6-m/crtbegin.o
                [!provide]                        PROVIDE (__fini_array_end, .)
                0x0000000008007df0                _sidata = LOADADDR (.data)

.data           0x0000000020000000       0xb0 load address 0x0000000008007df0
                0x0000000020000000                . = ALIGN (0x4)
                0x0000000020000000                _sdata = .
 *(.data)
 .data          0x0000000020000000       0x14 Drivers/BSP/B_L072Z_LRWAN1/b-l072z-lrwan1.o
                0x0000000020000000                LED_PORT
                0x0000000020000010                BUTTON_PORT
 .data          0x0000000020000014       0x18 Drivers/BSP/Components/sx1276.o
                0x0000000020000014                DioIrq
 .data          0x000000002000002c       0x18 Drivers/BSP/MLM32L07X01/mlm32l07x01.o
 .data          0x0000000020000044        0x4 Drivers/CMSIS/system_stm32l0xx.o
                0x0000000020000044                SystemCoreClock
 .data          0x0000000020000048        0x2 Projects/PingPong/main.o
                0x0000000020000048                BufferSize
 *(.data*)
 *fill*         0x000000002000004a        0x2 
 .data._impure_ptr
                0x000000002000004c        0x4 /home/ross/Ac6/SystemWorkbench/plugins/fr.ac6.mcu.externaltools.arm-none.linux64_1.15.0.201708311556/tools/compiler/bin/../lib/gcc/arm-none-eabi/6.3.1/../../../../arm-none-eabi/lib/thumb/v6-m/libc_nano.a(lib_a-impure.o)
                0x000000002000004c                _impure_ptr
 .data.impure_data
                0x0000000020000050       0x60 /home/ross/Ac6/SystemWorkbench/plugins/fr.ac6.mcu.externaltools.arm-none.linux64_1.15.0.201708311556/tools/compiler/bin/../lib/gcc/arm-none-eabi/6.3.1/../../../../arm-none-eabi/lib/thumb/v6-m/libc_nano.a(lib_a-impure.o)
                0x00000000200000b0                . = ALIGN (0x4)
                0x00000000200000b0                _edata = .

.jcr            0x00000000200000b0        0x0 load address 0x0000000008007ea0
 .jcr           0x00000000200000b0        0x0 /home/ross/Ac6/SystemWorkbench/plugins/fr.ac6.mcu.externaltools.arm-none.linux64_1.15.0.201708311556/tools/compiler/bin/../lib/gcc/arm-none-eabi/6.3.1/thumb/v6-m/crtbegin.o

.igot.plt       0x00000000200000b0        0x0 load address 0x0000000008007ea0
 .igot.plt      0x00000000200000b0        0x0 /home/ross/Ac6/SystemWorkbench/plugins/fr.ac6.mcu.externaltools.arm-none.linux64_1.15.0.201708311556/tools/compiler/bin/../lib/gcc/arm-none-eabi/6.3.1/thumb/v6-m/crtbegin.o
                0x00000000200000b0                . = ALIGN (0x4)

.bss            0x00000000200000b0      0x540 load address 0x0000000008007ea0
                0x00000000200000b0                _sbss = .
                0x00000000200000b0                __bss_start__ = _sbss
 *(.bss)
 .bss           0x00000000200000b0       0x1c /home/ross/Ac6/SystemWorkbench/plugins/fr.ac6.mcu.externaltools.arm-none.linux64_1.15.0.201708311556/tools/compiler/bin/../lib/gcc/arm-none-eabi/6.3.1/thumb/v6-m/crtbegin.o
 .bss           0x00000000200000cc      0x108 Drivers/BSP/Components/sx1276.o
 .bss           0x00000000200001d4        0x8 Middlewares/Lora/Utilities/low_power_manager.o
 .bss           0x00000000200001dc        0x4 Middlewares/Lora/Utilities/timeServer.o
 .bss           0x00000000200001e0       0x40 Projects/PingPong/hw_gpio.o
 .bss           0x0000000020000220       0x71 Projects/PingPong/hw_rtc.o
 *fill*         0x0000000020000291        0x3 
 .bss           0x0000000020000294       0x58 Projects/PingPong/hw_spi.o
 .bss           0x00000000200002ec       0x34 Projects/PingPong/main.o
                0x0000000020000300                State
                0x0000000020000301                RssiValue
                0x0000000020000302                SnrValue
 .bss           0x0000000020000320       0x64 Projects/PingPong/mlm32l0xx_hw.o
 .bss           0x0000000020000384      0x174 Projects/PingPong/vcom.o
                0x00000000200003f4                iw
 *(.bss*)
 .bss.__malloc_free_list
                0x00000000200004f8        0x4 /home/ross/Ac6/SystemWorkbench/plugins/fr.ac6.mcu.externaltools.arm-none.linux64_1.15.0.201708311556/tools/compiler/bin/../lib/gcc/arm-none-eabi/6.3.1/../../../../arm-none-eabi/lib/thumb/v6-m/libc_nano.a(lib_a-nano-mallocr.o)
                0x00000000200004f8                __malloc_free_list
 .bss.__malloc_sbrk_start
                0x00000000200004fc        0x4 /home/ross/Ac6/SystemWorkbench/plugins/fr.ac6.mcu.externaltools.arm-none.linux64_1.15.0.201708311556/tools/compiler/bin/../lib/gcc/arm-none-eabi/6.3.1/../../../../arm-none-eabi/lib/thumb/v6-m/libc_nano.a(lib_a-nano-mallocr.o)
                0x00000000200004fc                __malloc_sbrk_start
 .bss.heap_end.4116
                0x0000000020000500        0x4 /home/ross/Ac6/SystemWorkbench/plugins/fr.ac6.mcu.externaltools.arm-none.linux64_1.15.0.201708311556/tools/compiler/bin/../lib/gcc/arm-none-eabi/6.3.1/../../../../arm-none-eabi/lib/thumb/v6-m/libnosys.a(sbrk.o)
 *(COMMON)
 COMMON         0x0000000020000504       0xa4 Drivers/BSP/Components/sx1276.o
                0x0000000020000504                TxTimeoutTimer
                0x0000000020000518                RxTimeoutSyncWord
                0x000000002000052c                SX1276
                0x0000000020000594                RxTimeoutTimer
 COMMON         0x00000000200005a8        0x4 Drivers/STM32L0xx_HAL_Driver/stm32l0xx_hal.o
                0x00000000200005a8                uwTick
 COMMON         0x00000000200005ac       0x40 Projects/PingPong/main.o
                0x00000000200005ac                Buffer
 COMMON         0x00000000200005ec        0x4 /home/ross/Ac6/SystemWorkbench/plugins/fr.ac6.mcu.externaltools.arm-none.linux64_1.15.0.201708311556/tools/compiler/bin/../lib/gcc/arm-none-eabi/6.3.1/../../../../arm-none-eabi/lib/thumb/v6-m/libc_nano.a(lib_a-reent.o)
                0x00000000200005ec                errno
                0x00000000200005f0                . = ALIGN (0x4)
                0x00000000200005f0                _ebss = .
                0x00000000200005f0                __bss_end__ = _ebss

._user_heap_stack
                0x00000000200005f0      0x600 load address 0x0000000008007ea0
                0x00000000200005f0                . = ALIGN (0x8)
                0x00000000200005f0                PROVIDE (end, .)
                [!provide]                        PROVIDE (_end, .)
                0x00000000200007f0                . = (. + _Min_Heap_Size)
 *fill*         0x00000000200005f0      0x200 
                0x0000000020000bf0                . = (. + _Min_Stack_Size)
 *fill*         0x00000000200007f0      0x400 
                0x0000000020000bf0                . = ALIGN (0x8)

/DISCARD/
 libc.a(*)
 libm.a(*)
 libgcc.a(*)

.ARM.attributes
                0x0000000000000000       0x28
 *(.ARM.attributes)
 .ARM.attributes
                0x0000000000000000       0x1e /home/ross/Ac6/SystemWorkbench/plugins/fr.ac6.mcu.externaltools.arm-none.linux64_1.15.0.201708311556/tools/compiler/bin/../lib/gcc/arm-none-eabi/6.3.1/thumb/v6-m/crti.o
 .ARM.attributes
                0x000000000000001e       0x2c /home/ross/Ac6/SystemWorkbench/plugins/fr.ac6.mcu.externaltools.arm-none.linux64_1.15.0.201708311556/tools/compiler/bin/../lib/gcc/arm-none-eabi/6.3.1/thumb/v6-m/crtbegin.o
 .ARM.attributes
                0x000000000000004a       0x32 Drivers/BSP/B_L072Z_LRWAN1/b-l072z-lrwan1.o
 .ARM.attributes
                0x000000000000007c       0x32 Drivers/BSP/Components/sx1276.o
 .ARM.attributes
                0x00000000000000ae       0x32 Drivers/BSP/MLM32L07X01/mlm32l07x01.o
 .ARM.attributes
                0x00000000000000e0       0x32 Drivers/CMSIS/system_stm32l0xx.o
 .ARM.attributes
                0x0000000000000112       0x32 Drivers/STM32L0xx_HAL_Driver/stm32l0xx_hal.o
 .ARM.attributes
                0x0000000000000144       0x32 Drivers/STM32L0xx_HAL_Driver/stm32l0xx_hal_adc.o
 .ARM.attributes
                0x0000000000000176       0x32 Drivers/STM32L0xx_HAL_Driver/stm32l0xx_hal_cortex.o
 .ARM.attributes
                0x00000000000001a8       0x32 Drivers/STM32L0xx_HAL_Driver/stm32l0xx_hal_gpio.o
 .ARM.attributes
                0x00000000000001da       0x32 Drivers/STM32L0xx_HAL_Driver/stm32l0xx_hal_pwr.o
 .ARM.attributes
                0x000000000000020c       0x32 Drivers/STM32L0xx_HAL_Driver/stm32l0xx_hal_pwr_ex.o
 .ARM.attributes
                0x000000000000023e       0x32 Drivers/STM32L0xx_HAL_Driver/stm32l0xx_hal_rcc.o
 .ARM.attributes
                0x0000000000000270       0x32 Drivers/STM32L0xx_HAL_Driver/stm32l0xx_hal_rcc_ex.o
 .ARM.attributes
                0x00000000000002a2       0x32 Drivers/STM32L0xx_HAL_Driver/stm32l0xx_hal_rtc.o
 .ARM.attributes
                0x00000000000002d4       0x32 Drivers/STM32L0xx_HAL_Driver/stm32l0xx_hal_rtc_ex.o
 .ARM.attributes
                0x0000000000000306       0x32 Drivers/STM32L0xx_HAL_Driver/stm32l0xx_hal_spi.o
 .ARM.attributes
                0x0000000000000338       0x32 Drivers/STM32L0xx_HAL_Driver/stm32l0xx_hal_uart.o
 .ARM.attributes
                0x000000000000036a       0x32 Middlewares/Lora/Utilities/delay.o
 .ARM.attributes
                0x000000000000039c       0x32 Middlewares/Lora/Utilities/low_power_manager.o
 .ARM.attributes
                0x00000000000003ce       0x32 Middlewares/Lora/Utilities/timeServer.o
 .ARM.attributes
                0x0000000000000400       0x32 Middlewares/Lora/Utilities/utilities.o
 .ARM.attributes
                0x0000000000000432       0x32 Projects/PingPong/debug.o
 .ARM.attributes
                0x0000000000000464       0x32 Projects/PingPong/hw_gpio.o
 .ARM.attributes
                0x0000000000000496       0x32 Projects/PingPong/hw_rtc.o
 .ARM.attributes
                0x00000000000004c8       0x32 Projects/PingPong/hw_spi.o
 .ARM.attributes
                0x00000000000004fa       0x32 Projects/PingPong/main.o
 .ARM.attributes
                0x000000000000052c       0x32 Projects/PingPong/mlm32l0xx_hal_msp.o
 .ARM.attributes
                0x000000000000055e       0x32 Projects/PingPong/mlm32l0xx_hw.o
 .ARM.attributes
                0x0000000000000590       0x32 Projects/PingPong/mlm32l0xx_it.o
 .ARM.attributes
                0x00000000000005c2       0x32 Projects/PingPong/vcom.o
 .ARM.attributes
                0x00000000000005f4       0x22 Projects/SW4STM32/startup_stm32l072xx.o
 .ARM.attributes
                0x0000000000000616       0x2c /home/ross/Ac6/SystemWorkbench/plugins/fr.ac6.mcu.externaltools.arm-none.linux64_1.15.0.201708311556/tools/compiler/bin/../lib/gcc/arm-none-eabi/6.3.1/../../../../arm-none-eabi/lib/thumb/v6-m/libm.a(lib_a-s_ceil.o)
 .ARM.attributes
                0x0000000000000642       0x2c /home/ross/Ac6/SystemWorkbench/plugins/fr.ac6.mcu.externaltools.arm-none.linux64_1.15.0.201708311556/tools/compiler/bin/../lib/gcc/arm-none-eabi/6.3.1/../../../../arm-none-eabi/lib/thumb/v6-m/libm.a(lib_a-s_floor.o)
 .ARM.attributes
                0x000000000000066e       0x2c /home/ross/Ac6/SystemWorkbench/plugins/fr.ac6.mcu.externaltools.arm-none.linux64_1.15.0.201708311556/tools/compiler/bin/../lib/gcc/arm-none-eabi/6.3.1/../../../../arm-none-eabi/lib/thumb/v6-m/libm.a(lib_a-s_round.o)
 .ARM.attributes
                0x000000000000069a       0x1e /home/ross/Ac6/SystemWorkbench/plugins/fr.ac6.mcu.externaltools.arm-none.linux64_1.15.0.201708311556/tools/compiler/bin/../lib/gcc/arm-none-eabi/6.3.1/thumb/v6-m/libgcc.a(_thumb1_case_uqi.o)
 .ARM.attributes
                0x00000000000006b8       0x1e /home/ross/Ac6/SystemWorkbench/plugins/fr.ac6.mcu.externaltools.arm-none.linux64_1.15.0.201708311556/tools/compiler/bin/../lib/gcc/arm-none-eabi/6.3.1/thumb/v6-m/libgcc.a(_udivsi3.o)
 .ARM.attributes
                0x00000000000006d6       0x1e /home/ross/Ac6/SystemWorkbench/plugins/fr.ac6.mcu.externaltools.arm-none.linux64_1.15.0.201708311556/tools/compiler/bin/../lib/gcc/arm-none-eabi/6.3.1/thumb/v6-m/libgcc.a(_divsi3.o)
 .ARM.attributes
                0x00000000000006f4       0x1e /home/ross/Ac6/SystemWorkbench/plugins/fr.ac6.mcu.externaltools.arm-none.linux64_1.15.0.201708311556/tools/compiler/bin/../lib/gcc/arm-none-eabi/6.3.1/thumb/v6-m/libgcc.a(_dvmd_tls.o)
 .ARM.attributes
                0x0000000000000712       0x1e /home/ross/Ac6/SystemWorkbench/plugins/fr.ac6.mcu.externaltools.arm-none.linux64_1.15.0.201708311556/tools/compiler/bin/../lib/gcc/arm-none-eabi/6.3.1/thumb/v6-m/libgcc.a(_arm_cmpdf2.o)
 .ARM.attributes
                0x0000000000000730       0x1e /home/ross/Ac6/SystemWorkbench/plugins/fr.ac6.mcu.externaltools.arm-none.linux64_1.15.0.201708311556/tools/compiler/bin/../lib/gcc/arm-none-eabi/6.3.1/thumb/v6-m/libgcc.a(_aeabi_uldivmod.o)
 .ARM.attributes
                0x000000000000074e       0x2c /home/ross/Ac6/SystemWorkbench/plugins/fr.ac6.mcu.externaltools.arm-none.linux64_1.15.0.201708311556/tools/compiler/bin/../lib/gcc/arm-none-eabi/6.3.1/thumb/v6-m/libgcc.a(_muldi3.o)
 .ARM.attributes
                0x000000000000077a       0x2c /home/ross/Ac6/SystemWorkbench/plugins/fr.ac6.mcu.externaltools.arm-none.linux64_1.15.0.201708311556/tools/compiler/bin/../lib/gcc/arm-none-eabi/6.3.1/thumb/v6-m/libgcc.a(_fixunsdfsi.o)
 .ARM.attributes
                0x00000000000007a6       0x2c /home/ross/Ac6/SystemWorkbench/plugins/fr.ac6.mcu.externaltools.arm-none.linux64_1.15.0.201708311556/tools/compiler/bin/../lib/gcc/arm-none-eabi/6.3.1/thumb/v6-m/libgcc.a(_udivmoddi4.o)
 .ARM.attributes
                0x00000000000007d2       0x2c /home/ross/Ac6/SystemWorkbench/plugins/fr.ac6.mcu.externaltools.arm-none.linux64_1.15.0.201708311556/tools/compiler/bin/../lib/gcc/arm-none-eabi/6.3.1/thumb/v6-m/libgcc.a(adddf3.o)
 .ARM.attributes
                0x00000000000007fe       0x2c /home/ross/Ac6/SystemWorkbench/plugins/fr.ac6.mcu.externaltools.arm-none.linux64_1.15.0.201708311556/tools/compiler/bin/../lib/gcc/arm-none-eabi/6.3.1/thumb/v6-m/libgcc.a(divdf3.o)
 .ARM.attributes
                0x000000000000082a       0x2c /home/ross/Ac6/SystemWorkbench/plugins/fr.ac6.mcu.externaltools.arm-none.linux64_1.15.0.201708311556/tools/compiler/bin/../lib/gcc/arm-none-eabi/6.3.1/thumb/v6-m/libgcc.a(eqdf2.o)
 .ARM.attributes
                0x0000000000000856       0x2c /home/ross/Ac6/SystemWorkbench/plugins/fr.ac6.mcu.externaltools.arm-none.linux64_1.15.0.201708311556/tools/compiler/bin/../lib/gcc/arm-none-eabi/6.3.1/thumb/v6-m/libgcc.a(gedf2.o)
 .ARM.attributes
                0x0000000000000882       0x2c /home/ross/Ac6/SystemWorkbench/plugins/fr.ac6.mcu.externaltools.arm-none.linux64_1.15.0.201708311556/tools/compiler/bin/../lib/gcc/arm-none-eabi/6.3.1/thumb/v6-m/libgcc.a(ledf2.o)
 .ARM.attributes
                0x00000000000008ae       0x2c /home/ross/Ac6/SystemWorkbench/plugins/fr.ac6.mcu.externaltools.arm-none.linux64_1.15.0.201708311556/tools/compiler/bin/../lib/gcc/arm-none-eabi/6.3.1/thumb/v6-m/libgcc.a(muldf3.o)
 .ARM.attributes
                0x00000000000008da       0x2c /home/ross/Ac6/SystemWorkbench/plugins/fr.ac6.mcu.externaltools.arm-none.linux64_1.15.0.201708311556/tools/compiler/bin/../lib/gcc/arm-none-eabi/6.3.1/thumb/v6-m/libgcc.a(subdf3.o)
 .ARM.attributes
                0x0000000000000906       0x2c /home/ross/Ac6/SystemWorkbench/plugins/fr.ac6.mcu.externaltools.arm-none.linux64_1.15.0.201708311556/tools/compiler/bin/../lib/gcc/arm-none-eabi/6.3.1/thumb/v6-m/libgcc.a(fixdfsi.o)
 .ARM.attributes
                0x0000000000000932       0x2c /home/ross/Ac6/SystemWorkbench/plugins/fr.ac6.mcu.externaltools.arm-none.linux64_1.15.0.201708311556/tools/compiler/bin/../lib/gcc/arm-none-eabi/6.3.1/thumb/v6-m/libgcc.a(floatsidf.o)
 .ARM.attributes
                0x000000000000095e       0x2c /home/ross/Ac6/SystemWorkbench/plugins/fr.ac6.mcu.externaltools.arm-none.linux64_1.15.0.201708311556/tools/compiler/bin/../lib/gcc/arm-none-eabi/6.3.1/thumb/v6-m/libgcc.a(floatunsidf.o)
 .ARM.attributes
                0x000000000000098a       0x1e /home/ross/Ac6/SystemWorkbench/plugins/fr.ac6.mcu.externaltools.arm-none.linux64_1.15.0.201708311556/tools/compiler/bin/../lib/gcc/arm-none-eabi/6.3.1/thumb/v6-m/libgcc.a(_clzsi2.o)
 .ARM.attributes
                0x00000000000009a8       0x1e /home/ross/Ac6/SystemWorkbench/plugins/fr.ac6.mcu.externaltools.arm-none.linux64_1.15.0.201708311556/tools/compiler/bin/../lib/gcc/arm-none-eabi/6.3.1/thumb/v6-m/libgcc.a(_clzdi2.o)
 .ARM.attributes
                0x00000000000009c6       0x2c /home/ross/Ac6/SystemWorkbench/plugins/fr.ac6.mcu.externaltools.arm-none.linux64_1.15.0.201708311556/tools/compiler/bin/../lib/gcc/arm-none-eabi/6.3.1/../../../../arm-none-eabi/lib/thumb/v6-m/libc_nano.a(lib_a-impure.o)
 .ARM.attributes
                0x00000000000009f2       0x2c /home/ross/Ac6/SystemWorkbench/plugins/fr.ac6.mcu.externaltools.arm-none.linux64_1.15.0.201708311556/tools/compiler/bin/../lib/gcc/arm-none-eabi/6.3.1/../../../../arm-none-eabi/lib/thumb/v6-m/libc_nano.a(lib_a-init.o)
 .ARM.attributes
                0x0000000000000a1e       0x2c /home/ross/Ac6/SystemWorkbench/plugins/fr.ac6.mcu.externaltools.arm-none.linux64_1.15.0.201708311556/tools/compiler/bin/../lib/gcc/arm-none-eabi/6.3.1/../../../../arm-none-eabi/lib/thumb/v6-m/libc_nano.a(lib_a-memcpy-stub.o)
 .ARM.attributes
                0x0000000000000a4a       0x2c /home/ross/Ac6/SystemWorkbench/plugins/fr.ac6.mcu.externaltools.arm-none.linux64_1.15.0.201708311556/tools/compiler/bin/../lib/gcc/arm-none-eabi/6.3.1/../../../../arm-none-eabi/lib/thumb/v6-m/libc_nano.a(lib_a-memset.o)
 .ARM.attributes
                0x0000000000000a76       0x2c /home/ross/Ac6/SystemWorkbench/plugins/fr.ac6.mcu.externaltools.arm-none.linux64_1.15.0.201708311556/tools/compiler/bin/../lib/gcc/arm-none-eabi/6.3.1/../../../../arm-none-eabi/lib/thumb/v6-m/libc_nano.a(lib_a-strncmp.o)
 .ARM.attributes
                0x0000000000000aa2       0x2c /home/ross/Ac6/SystemWorkbench/plugins/fr.ac6.mcu.externaltools.arm-none.linux64_1.15.0.201708311556/tools/compiler/bin/../lib/gcc/arm-none-eabi/6.3.1/../../../../arm-none-eabi/lib/thumb/v6-m/libc_nano.a(lib_a-vsprintf.o)
 .ARM.attributes
                0x0000000000000ace       0x2c /home/ross/Ac6/SystemWorkbench/plugins/fr.ac6.mcu.externaltools.arm-none.linux64_1.15.0.201708311556/tools/compiler/bin/../lib/gcc/arm-none-eabi/6.3.1/../../../../arm-none-eabi/lib/thumb/v6-m/libc_nano.a(lib_a-nano-svfprintf.o)
 .ARM.attributes
                0x0000000000000afa       0x2c /home/ross/Ac6/SystemWorkbench/plugins/fr.ac6.mcu.externaltools.arm-none.linux64_1.15.0.201708311556/tools/compiler/bin/../lib/gcc/arm-none-eabi/6.3.1/../../../../arm-none-eabi/lib/thumb/v6-m/libc_nano.a(lib_a-nano-vfprintf_i.o)
 .ARM.attributes
                0x0000000000000b26       0x2c /home/ross/Ac6/SystemWorkbench/plugins/fr.ac6.mcu.externaltools.arm-none.linux64_1.15.0.201708311556/tools/compiler/bin/../lib/gcc/arm-none-eabi/6.3.1/../../../../arm-none-eabi/lib/thumb/v6-m/libc_nano.a(lib_a-memchr-stub.o)
 .ARM.attributes
                0x0000000000000b52       0x2c /home/ross/Ac6/SystemWorkbench/plugins/fr.ac6.mcu.externaltools.arm-none.linux64_1.15.0.201708311556/tools/compiler/bin/../lib/gcc/arm-none-eabi/6.3.1/../../../../arm-none-eabi/lib/thumb/v6-m/libc_nano.a(lib_a-memmove.o)
 .ARM.attributes
                0x0000000000000b7e       0x2c /home/ross/Ac6/SystemWorkbench/plugins/fr.ac6.mcu.externaltools.arm-none.linux64_1.15.0.201708311556/tools/compiler/bin/../lib/gcc/arm-none-eabi/6.3.1/../../../../arm-none-eabi/lib/thumb/v6-m/libc_nano.a(lib_a-nano-freer.o)
 .ARM.attributes
                0x0000000000000baa       0x2c /home/ross/Ac6/SystemWorkbench/plugins/fr.ac6.mcu.externaltools.arm-none.linux64_1.15.0.201708311556/tools/compiler/bin/../lib/gcc/arm-none-eabi/6.3.1/../../../../arm-none-eabi/lib/thumb/v6-m/libc_nano.a(lib_a-nano-mallocr.o)
 .ARM.attributes
                0x0000000000000bd6       0x2c /home/ross/Ac6/SystemWorkbench/plugins/fr.ac6.mcu.externaltools.arm-none.linux64_1.15.0.201708311556/tools/compiler/bin/../lib/gcc/arm-none-eabi/6.3.1/../../../../arm-none-eabi/lib/thumb/v6-m/libc_nano.a(lib_a-nano-reallocr.o)
 .ARM.attributes
                0x0000000000000c02       0x2c /home/ross/Ac6/SystemWorkbench/plugins/fr.ac6.mcu.externaltools.arm-none.linux64_1.15.0.201708311556/tools/compiler/bin/../lib/gcc/arm-none-eabi/6.3.1/../../../../arm-none-eabi/lib/thumb/v6-m/libc_nano.a(lib_a-sbrkr.o)
 .ARM.attributes
                0x0000000000000c2e       0x2c /home/ross/Ac6/SystemWorkbench/plugins/fr.ac6.mcu.externaltools.arm-none.linux64_1.15.0.201708311556/tools/compiler/bin/../lib/gcc/arm-none-eabi/6.3.1/../../../../arm-none-eabi/lib/thumb/v6-m/libc_nano.a(lib_a-mlock.o)
 .ARM.attributes
                0x0000000000000c5a       0x2c /home/ross/Ac6/SystemWorkbench/plugins/fr.ac6.mcu.externaltools.arm-none.linux64_1.15.0.201708311556/tools/compiler/bin/../lib/gcc/arm-none-eabi/6.3.1/../../../../arm-none-eabi/lib/thumb/v6-m/libc_nano.a(lib_a-nano-msizer.o)
 .ARM.attributes
                0x0000000000000c86       0x2c /home/ross/Ac6/SystemWorkbench/plugins/fr.ac6.mcu.externaltools.arm-none.linux64_1.15.0.201708311556/tools/compiler/bin/../lib/gcc/arm-none-eabi/6.3.1/../../../../arm-none-eabi/lib/thumb/v6-m/libc_nano.a(lib_a-reent.o)
 .ARM.attributes
                0x0000000000000cb2       0x2c /home/ross/Ac6/SystemWorkbench/plugins/fr.ac6.mcu.externaltools.arm-none.linux64_1.15.0.201708311556/tools/compiler/bin/../lib/gcc/arm-none-eabi/6.3.1/../../../../arm-none-eabi/lib/thumb/v6-m/libnosys.a(sbrk.o)
 .ARM.attributes
                0x0000000000000cde       0x1e /home/ross/Ac6/SystemWorkbench/plugins/fr.ac6.mcu.externaltools.arm-none.linux64_1.15.0.201708311556/tools/compiler/bin/../lib/gcc/arm-none-eabi/6.3.1/thumb/v6-m/crtn.o
OUTPUT(mlm32l07x01.elf elf32-littlearm)

.debug_info     0x0000000000000000    0x24703
 .debug_info    0x0000000000000000     0x1210 Drivers/BSP/B_L072Z_LRWAN1/b-l072z-lrwan1.o
 .debug_info    0x0000000000001210     0x3891 Drivers/BSP/Components/sx1276.o
 .debug_info    0x0000000000004aa1     0x198a Drivers/BSP/MLM32L07X01/mlm32l07x01.o
 .debug_info    0x000000000000642b      0xbb2 Drivers/CMSIS/system_stm32l0xx.o
 .debug_info    0x0000000000006fdd     0x101c Drivers/STM32L0xx_HAL_Driver/stm32l0xx_hal.o
 .debug_info    0x0000000000007ff9     0x1706 Drivers/STM32L0xx_HAL_Driver/stm32l0xx_hal_adc.o
 .debug_info    0x00000000000096ff     0x1165 Drivers/STM32L0xx_HAL_Driver/stm32l0xx_hal_cortex.o
 .debug_info    0x000000000000a864      0xef2 Drivers/STM32L0xx_HAL_Driver/stm32l0xx_hal_gpio.o
 .debug_info    0x000000000000b756      0xe7d Drivers/STM32L0xx_HAL_Driver/stm32l0xx_hal_pwr.o
 .debug_info    0x000000000000c5d3      0xa4c Drivers/STM32L0xx_HAL_Driver/stm32l0xx_hal_pwr_ex.o
 .debug_info    0x000000000000d01f     0x13e2 Drivers/STM32L0xx_HAL_Driver/stm32l0xx_hal_rcc.o
 .debug_info    0x000000000000e401     0x10e5 Drivers/STM32L0xx_HAL_Driver/stm32l0xx_hal_rcc_ex.o
 .debug_info    0x000000000000f4e6     0x15cd Drivers/STM32L0xx_HAL_Driver/stm32l0xx_hal_rtc.o
 .debug_info    0x0000000000010ab3     0x1827 Drivers/STM32L0xx_HAL_Driver/stm32l0xx_hal_rtc_ex.o
 .debug_info    0x00000000000122da     0x1d9d Drivers/STM32L0xx_HAL_Driver/stm32l0xx_hal_spi.o
 .debug_info    0x0000000000014077     0x223c Drivers/STM32L0xx_HAL_Driver/stm32l0xx_hal_uart.o
 .debug_info    0x00000000000162b3      0xa27 Middlewares/Lora/Utilities/delay.o
 .debug_info    0x0000000000016cda      0xc8a Middlewares/Lora/Utilities/low_power_manager.o
 .debug_info    0x0000000000017964     0x1000 Middlewares/Lora/Utilities/timeServer.o
 .debug_info    0x0000000000018964      0xb0d Middlewares/Lora/Utilities/utilities.o
 .debug_info    0x0000000000019471      0xc64 Projects/PingPong/debug.o
 .debug_info    0x000000000001a0d5     0x101c Projects/PingPong/hw_gpio.o
 .debug_info    0x000000000001b0f1     0x1714 Projects/PingPong/hw_rtc.o
 .debug_info    0x000000000001c805     0x13ac Projects/PingPong/hw_spi.o
 .debug_info    0x000000000001dbb1     0x15f9 Projects/PingPong/main.o
 .debug_info    0x000000000001f1aa     0x12d4 Projects/PingPong/mlm32l0xx_hal_msp.o
 .debug_info    0x000000000002047e     0x1cc9 Projects/PingPong/mlm32l0xx_hw.o
 .debug_info    0x0000000000022147      0xc32 Projects/PingPong/mlm32l0xx_it.o
 .debug_info    0x0000000000022d79     0x1850 Projects/PingPong/vcom.o
 .debug_info    0x00000000000245c9      0x13a Projects/SW4STM32/startup_stm32l072xx.o

.debug_abbrev   0x0000000000000000     0x5a52
 .debug_abbrev  0x0000000000000000      0x2ff Drivers/BSP/B_L072Z_LRWAN1/b-l072z-lrwan1.o
 .debug_abbrev  0x00000000000002ff      0x523 Drivers/BSP/Components/sx1276.o
 .debug_abbrev  0x0000000000000822      0x3ee Drivers/BSP/MLM32L07X01/mlm32l07x01.o
 .debug_abbrev  0x0000000000000c10      0x205 Drivers/CMSIS/system_stm32l0xx.o
 .debug_abbrev  0x0000000000000e15      0x2fb Drivers/STM32L0xx_HAL_Driver/stm32l0xx_hal.o
 .debug_abbrev  0x0000000000001110      0x340 Drivers/STM32L0xx_HAL_Driver/stm32l0xx_hal_adc.o
 .debug_abbrev  0x0000000000001450      0x345 Drivers/STM32L0xx_HAL_Driver/stm32l0xx_hal_cortex.o
 .debug_abbrev  0x0000000000001795      0x28d Drivers/STM32L0xx_HAL_Driver/stm32l0xx_hal_gpio.o
 .debug_abbrev  0x0000000000001a22      0x269 Drivers/STM32L0xx_HAL_Driver/stm32l0xx_hal_pwr.o
 .debug_abbrev  0x0000000000001c8b      0x226 Drivers/STM32L0xx_HAL_Driver/stm32l0xx_hal_pwr_ex.o
 .debug_abbrev  0x0000000000001eb1      0x365 Drivers/STM32L0xx_HAL_Driver/stm32l0xx_hal_rcc.o
 .debug_abbrev  0x0000000000002216      0x2ed Drivers/STM32L0xx_HAL_Driver/stm32l0xx_hal_rcc_ex.o
 .debug_abbrev  0x0000000000002503      0x2e3 Drivers/STM32L0xx_HAL_Driver/stm32l0xx_hal_rtc.o
 .debug_abbrev  0x00000000000027e6      0x301 Drivers/STM32L0xx_HAL_Driver/stm32l0xx_hal_rtc_ex.o
 .debug_abbrev  0x0000000000002ae7      0x392 Drivers/STM32L0xx_HAL_Driver/stm32l0xx_hal_spi.o
 .debug_abbrev  0x0000000000002e79      0x3e2 Drivers/STM32L0xx_HAL_Driver/stm32l0xx_hal_uart.o
 .debug_abbrev  0x000000000000325b      0x25b Middlewares/Lora/Utilities/delay.o
 .debug_abbrev  0x00000000000034b6      0x2f9 Middlewares/Lora/Utilities/low_power_manager.o
 .debug_abbrev  0x00000000000037af      0x44b Middlewares/Lora/Utilities/timeServer.o
 .debug_abbrev  0x0000000000003bfa      0x245 Middlewares/Lora/Utilities/utilities.o
 .debug_abbrev  0x0000000000003e3f      0x241 Projects/PingPong/debug.o
 .debug_abbrev  0x0000000000004080      0x2cd Projects/PingPong/hw_gpio.o
 .debug_abbrev  0x000000000000434d      0x434 Projects/PingPong/hw_rtc.o
 .debug_abbrev  0x0000000000004781      0x2ea Projects/PingPong/hw_spi.o
 .debug_abbrev  0x0000000000004a6b      0x32e Projects/PingPong/main.o
 .debug_abbrev  0x0000000000004d99      0x28e Projects/PingPong/mlm32l0xx_hal_msp.o
 .debug_abbrev  0x0000000000005027      0x40b Projects/PingPong/mlm32l0xx_hw.o
 .debug_abbrev  0x0000000000005432      0x286 Projects/PingPong/mlm32l0xx_it.o
 .debug_abbrev  0x00000000000056b8      0x388 Projects/PingPong/vcom.o
 .debug_abbrev  0x0000000000005a40       0x12 Projects/SW4STM32/startup_stm32l072xx.o

.debug_loc      0x0000000000000000     0x9049
 .debug_loc     0x0000000000000000      0x18c Drivers/BSP/B_L072Z_LRWAN1/b-l072z-lrwan1.o
 .debug_loc     0x000000000000018c     0x1429 Drivers/BSP/Components/sx1276.o
 .debug_loc     0x00000000000015b5      0x287 Drivers/BSP/MLM32L07X01/mlm32l07x01.o
 .debug_loc     0x000000000000183c      0x17f Drivers/CMSIS/system_stm32l0xx.o
 .debug_loc     0x00000000000019bb       0xac Drivers/STM32L0xx_HAL_Driver/stm32l0xx_hal.o
 .debug_loc     0x0000000000001a67      0xa74 Drivers/STM32L0xx_HAL_Driver/stm32l0xx_hal_adc.o
 .debug_loc     0x00000000000024db      0x3cc Drivers/STM32L0xx_HAL_Driver/stm32l0xx_hal_cortex.o
 .debug_loc     0x00000000000028a7      0x2f9 Drivers/STM32L0xx_HAL_Driver/stm32l0xx_hal_gpio.o
 .debug_loc     0x0000000000002ba0      0x12e Drivers/STM32L0xx_HAL_Driver/stm32l0xx_hal_pwr.o
 .debug_loc     0x0000000000002cce       0x2a Drivers/STM32L0xx_HAL_Driver/stm32l0xx_hal_pwr_ex.o
 .debug_loc     0x0000000000002cf8      0x5b7 Drivers/STM32L0xx_HAL_Driver/stm32l0xx_hal_rcc.o
 .debug_loc     0x00000000000032af      0x6fe Drivers/STM32L0xx_HAL_Driver/stm32l0xx_hal_rcc_ex.o
 .debug_loc     0x00000000000039ad      0xc45 Drivers/STM32L0xx_HAL_Driver/stm32l0xx_hal_rtc.o
 .debug_loc     0x00000000000045f2      0xf9d Drivers/STM32L0xx_HAL_Driver/stm32l0xx_hal_rtc_ex.o
 .debug_loc     0x000000000000558f      0xfdf Drivers/STM32L0xx_HAL_Driver/stm32l0xx_hal_spi.o
 .debug_loc     0x000000000000656e     0x150c Drivers/STM32L0xx_HAL_Driver/stm32l0xx_hal_uart.o
 .debug_loc     0x0000000000007a7a       0x7e Middlewares/Lora/Utilities/delay.o
 .debug_loc     0x0000000000007af8       0x91 Middlewares/Lora/Utilities/low_power_manager.o
 .debug_loc     0x0000000000007b89      0x461 Middlewares/Lora/Utilities/timeServer.o
 .debug_loc     0x0000000000007fea      0x241 Middlewares/Lora/Utilities/utilities.o
 .debug_loc     0x000000000000822b      0x262 Projects/PingPong/hw_gpio.o
 .debug_loc     0x000000000000848d      0x7b6 Projects/PingPong/hw_rtc.o
 .debug_loc     0x0000000000008c43       0x6b Projects/PingPong/hw_spi.o
 .debug_loc     0x0000000000008cae      0x163 Projects/PingPong/main.o
 .debug_loc     0x0000000000008e11       0xc4 Projects/PingPong/mlm32l0xx_hal_msp.o
 .debug_loc     0x0000000000008ed5       0xba Projects/PingPong/mlm32l0xx_hw.o
 .debug_loc     0x0000000000008f8f       0xba Projects/PingPong/vcom.o

.debug_aranges  0x0000000000000000      0xf70
 .debug_aranges
                0x0000000000000000       0x50 Drivers/BSP/B_L072Z_LRWAN1/b-l072z-lrwan1.o
 .debug_aranges
                0x0000000000000050      0x150 Drivers/BSP/Components/sx1276.o
 .debug_aranges
                0x00000000000001a0       0x68 Drivers/BSP/MLM32L07X01/mlm32l07x01.o
 .debug_aranges
                0x0000000000000208       0x28 Drivers/CMSIS/system_stm32l0xx.o
 .debug_aranges
                0x0000000000000230       0xd8 Drivers/STM32L0xx_HAL_Driver/stm32l0xx_hal.o
 .debug_aranges
                0x0000000000000308       0xd8 Drivers/STM32L0xx_HAL_Driver/stm32l0xx_hal_adc.o
 .debug_aranges
                0x00000000000003e0       0x80 Drivers/STM32L0xx_HAL_Driver/stm32l0xx_hal_cortex.o
 .debug_aranges
                0x0000000000000460       0x58 Drivers/STM32L0xx_HAL_Driver/stm32l0xx_hal_gpio.o
 .debug_aranges
                0x00000000000004b8       0xa0 Drivers/STM32L0xx_HAL_Driver/stm32l0xx_hal_pwr.o
 .debug_aranges
                0x0000000000000558       0x50 Drivers/STM32L0xx_HAL_Driver/stm32l0xx_hal_pwr_ex.o
 .debug_aranges
                0x00000000000005a8       0x88 Drivers/STM32L0xx_HAL_Driver/stm32l0xx_hal_rcc.o
 .debug_aranges
                0x0000000000000630       0x98 Drivers/STM32L0xx_HAL_Driver/stm32l0xx_hal_rcc_ex.o
 .debug_aranges
                0x00000000000006c8       0xa8 Drivers/STM32L0xx_HAL_Driver/stm32l0xx_hal_rtc.o
 .debug_aranges
                0x0000000000000770      0x108 Drivers/STM32L0xx_HAL_Driver/stm32l0xx_hal_rtc_ex.o
 .debug_aranges
                0x0000000000000878      0x108 Drivers/STM32L0xx_HAL_Driver/stm32l0xx_hal_spi.o
 .debug_aranges
                0x0000000000000980      0x188 Drivers/STM32L0xx_HAL_Driver/stm32l0xx_hal_uart.o
 .debug_aranges
                0x0000000000000b08       0x28 Middlewares/Lora/Utilities/delay.o
 .debug_aranges
                0x0000000000000b30       0x40 Middlewares/Lora/Utilities/low_power_manager.o
 .debug_aranges
                0x0000000000000b70       0x68 Middlewares/Lora/Utilities/timeServer.o
 .debug_aranges
                0x0000000000000bd8       0x50 Middlewares/Lora/Utilities/utilities.o
 .debug_aranges
                0x0000000000000c28       0x28 Projects/PingPong/debug.o
 .debug_aranges
                0x0000000000000c50       0x48 Projects/PingPong/hw_gpio.o
 .debug_aranges
                0x0000000000000c98       0x90 Projects/PingPong/hw_rtc.o
 .debug_aranges
                0x0000000000000d28       0x30 Projects/PingPong/hw_spi.o
 .debug_aranges
                0x0000000000000d58       0x50 Projects/PingPong/main.o
 .debug_aranges
                0x0000000000000da8       0x58 Projects/PingPong/mlm32l0xx_hal_msp.o
 .debug_aranges
                0x0000000000000e00       0x78 Projects/PingPong/mlm32l0xx_hw.o
 .debug_aranges
                0x0000000000000e78       0x70 Projects/PingPong/mlm32l0xx_it.o
 .debug_aranges
                0x0000000000000ee8       0x60 Projects/PingPong/vcom.o
 .debug_aranges
                0x0000000000000f48       0x28 Projects/SW4STM32/startup_stm32l072xx.o

.debug_ranges   0x0000000000000000     0x1170
 .debug_ranges  0x0000000000000000       0x78 Drivers/BSP/B_L072Z_LRWAN1/b-l072z-lrwan1.o
 .debug_ranges  0x0000000000000078      0x210 Drivers/BSP/Components/sx1276.o
 .debug_ranges  0x0000000000000288       0xa0 Drivers/BSP/MLM32L07X01/mlm32l07x01.o
 .debug_ranges  0x0000000000000328       0x18 Drivers/CMSIS/system_stm32l0xx.o
 .debug_ranges  0x0000000000000340       0xc8 Drivers/STM32L0xx_HAL_Driver/stm32l0xx_hal.o
 .debug_ranges  0x0000000000000408       0xc8 Drivers/STM32L0xx_HAL_Driver/stm32l0xx_hal_adc.o